[info] run directory: runs_swin_tiny_merged_classes/swin_mpc1000_ep30_lr0100_wd0100_as1_1
============================================================
TRAINING CONFIGURATION
============================================================
  model:            swin_tiny_patch4_window7_224
  loss:             CrossEntropy
  epochs:           30
  warmup_epochs:    10
  lr:               0.0001
  weight_decay:     0.01
  accum_steps:      1
  AMP:              True
  device:           cuda
  hardware:         1x NVIDIA A10 (Lambda)
  input_size:       224
  batch_train:      32
  batch_eval:       128
  use_sampler:      True
  num_workers:      16
  max_per_class:    1000
  merge_groups:     [['GREG', 'WHIB', 'MEGRT', 'SNEG'], ['ROTE', 'MTRN']]
    GREG, WHIB, MEGRT, SNEG -> GREG_MEGRT_SNEG_WHIB
    ROTE, MTRN -> MTRN_ROTE
  num_classes:      17
  train_size:       12135
  val_size:         1835
  test_size:        1892
============================================================
[info] saved split_composition.json
ep 01 | train acc 0.686 loss 1.138 | val acc 0.852 loss 0.446 | macroF1 0.806 | lr 1.00e-05 | val_time 4.1s | ep_time 24.6s
[info] new best val macro-F1 0.806 at epoch 01
ep 02 | train acc 0.903 loss 0.331 | val acc 0.899 loss 0.309 | macroF1 0.857 | lr 2.00e-05 | val_time 1.8s | ep_time 20.4s
[info] new best val macro-F1 0.857 at epoch 02
ep 03 | train acc 0.932 loss 0.228 | val acc 0.916 loss 0.272 | macroF1 0.886 | lr 3.00e-05 | val_time 1.8s | ep_time 20.6s
[info] new best val macro-F1 0.886 at epoch 03
ep 04 | train acc 0.944 loss 0.173 | val acc 0.913 loss 0.278 | macroF1 0.884 | lr 4.00e-05 | val_time 1.7s | ep_time 20.5s
ep 05 | train acc 0.951 loss 0.152 | val acc 0.948 loss 0.193 | macroF1 0.916 | lr 5.00e-05 | val_time 1.9s | ep_time 20.5s
[info] new best val macro-F1 0.916 at epoch 05
ep 06 | train acc 0.955 loss 0.137 | val acc 0.938 loss 0.221 | macroF1 0.913 | lr 6.00e-05 | val_time 1.7s | ep_time 20.5s
ep 07 | train acc 0.959 loss 0.123 | val acc 0.934 loss 0.257 | macroF1 0.902 | lr 7.00e-05 | val_time 1.8s | ep_time 20.6s
ep 08 | train acc 0.960 loss 0.125 | val acc 0.939 loss 0.220 | macroF1 0.904 | lr 8.00e-05 | val_time 1.9s | ep_time 20.3s
ep 09 | train acc 0.961 loss 0.120 | val acc 0.941 loss 0.223 | macroF1 0.911 | lr 9.00e-05 | val_time 1.8s | ep_time 20.7s
ep 10 | train acc 0.963 loss 0.117 | val acc 0.957 loss 0.188 | macroF1 0.932 | lr 1.00e-04 | val_time 1.7s | ep_time 20.4s
[info] new best val macro-F1 0.932 at epoch 10
ep 11 | train acc 0.968 loss 0.101 | val acc 0.934 loss 0.245 | macroF1 0.911 | lr 9.94e-05 | val_time 1.8s | ep_time 20.5s
ep 12 | train acc 0.975 loss 0.081 | val acc 0.937 loss 0.271 | macroF1 0.911 | lr 9.76e-05 | val_time 1.9s | ep_time 20.7s
ep 13 | train acc 0.975 loss 0.078 | val acc 0.935 loss 0.250 | macroF1 0.900 | lr 9.46e-05 | val_time 2.0s | ep_time 20.7s
ep 14 | train acc 0.977 loss 0.073 | val acc 0.961 loss 0.167 | macroF1 0.933 | lr 9.05e-05 | val_time 1.9s | ep_time 20.6s
[info] new best val macro-F1 0.933 at epoch 14
ep 15 | train acc 0.980 loss 0.058 | val acc 0.949 loss 0.242 | macroF1 0.918 | lr 8.54e-05 | val_time 1.8s | ep_time 20.6s
ep 16 | train acc 0.980 loss 0.060 | val acc 0.961 loss 0.192 | macroF1 0.929 | lr 7.94e-05 | val_time 1.8s | ep_time 20.6s
ep 17 | train acc 0.986 loss 0.045 | val acc 0.963 loss 0.177 | macroF1 0.943 | lr 7.27e-05 | val_time 1.7s | ep_time 20.4s
[info] new best val macro-F1 0.943 at epoch 17
ep 18 | train acc 0.986 loss 0.045 | val acc 0.956 loss 0.207 | macroF1 0.928 | lr 6.55e-05 | val_time 1.9s | ep_time 20.6s
ep 19 | train acc 0.990 loss 0.031 | val acc 0.960 loss 0.199 | macroF1 0.937 | lr 5.78e-05 | val_time 1.8s | ep_time 20.4s
ep 20 | train acc 0.990 loss 0.030 | val acc 0.963 loss 0.183 | macroF1 0.934 | lr 5.00e-05 | val_time 1.9s | ep_time 20.3s
ep 21 | train acc 0.993 loss 0.022 | val acc 0.959 loss 0.245 | macroF1 0.941 | lr 4.22e-05 | val_time 1.8s | ep_time 20.5s
ep 22 | train acc 0.992 loss 0.022 | val acc 0.967 loss 0.200 | macroF1 0.945 | lr 3.45e-05 | val_time 1.8s | ep_time 20.5s
[info] new best val macro-F1 0.945 at epoch 22
ep 23 | train acc 0.994 loss 0.017 | val acc 0.968 loss 0.190 | macroF1 0.945 | lr 2.73e-05 | val_time 1.9s | ep_time 20.6s
ep 24 | train acc 0.995 loss 0.013 | val acc 0.972 loss 0.180 | macroF1 0.955 | lr 2.06e-05 | val_time 1.9s | ep_time 20.4s
[info] new best val macro-F1 0.955 at epoch 24
ep 25 | train acc 0.997 loss 0.010 | val acc 0.970 loss 0.177 | macroF1 0.950 | lr 1.46e-05 | val_time 1.8s | ep_time 20.5s
ep 26 | train acc 0.998 loss 0.008 | val acc 0.971 loss 0.188 | macroF1 0.952 | lr 9.55e-06 | val_time 1.8s | ep_time 20.7s
ep 27 | train acc 0.998 loss 0.007 | val acc 0.970 loss 0.193 | macroF1 0.951 | lr 5.45e-06 | val_time 1.9s | ep_time 20.6s
ep 28 | train acc 0.998 loss 0.006 | val acc 0.973 loss 0.178 | macroF1 0.953 | lr 2.45e-06 | val_time 1.7s | ep_time 20.3s
ep 29 | train acc 0.998 loss 0.006 | val acc 0.973 loss 0.180 | macroF1 0.953 | lr 6.16e-07 | val_time 1.9s | ep_time 20.6s
ep 30 | train acc 0.997 loss 0.007 | val acc 0.973 loss 0.180 | macroF1 0.953 | lr 0.00e+00 | val_time 1.9s | ep_time 20.6s
[info] saved curves.pdf

Validation report:
                      precision    recall  f1-score   support

                BCNH      0.966     0.966     0.966       117
                BLSK      0.957     1.000     0.978        67
                BRPE      1.000     0.985     0.992       200
               BRPEC      0.971     0.895     0.932        38
                CAEG      0.991     0.991     0.991       117
                GBHE      0.970     0.990     0.980       197
GREG_MEGRT_SNEG_WHIB      0.965     0.927     0.946       150
                LAGU      0.990     0.995     0.993       200
           MTRN_ROTE      0.984     0.950     0.967       200
              OTHERS      0.810     0.944     0.872        18
                OTHR      0.941     0.800     0.865        20
                REEG      0.974     0.987     0.981       153
              REEGWM      0.875     0.966     0.918        29
                ROSP      0.991     0.982     0.986       110
                SATE      0.890     0.973     0.930        75
                TRHE      0.991     0.975     0.983       119
               WHIBC      0.926     1.000     0.962        25

            accuracy                          0.972      1835
           macro avg      0.953     0.960     0.955      1835
        weighted avg      0.973     0.972     0.972      1835

Validation report macro-F1: 0.955
Validation report mAP (macro, one-vs-rest): 0.977
Validation report per-class AP written to val_ap_per_class.json
Validation report: 51 misclassified images saved to val_misclassified.json

Test report:
                      precision    recall  f1-score   support

                BCNH      0.975     0.967     0.971       121
                BLSK      1.000     1.000     1.000       200
                BRPE      0.995     0.970     0.982       200
               BRPEC      1.000     0.949     0.974        39
                CAEG      0.969     0.989     0.979        95
                GBHE      0.964     0.985     0.974       135
GREG_MEGRT_SNEG_WHIB      0.968     0.920     0.943       163
                LAGU      0.980     1.000     0.990       200
           MTRN_ROTE      0.990     0.970     0.980       200
              OTHERS      0.741     0.909     0.816        22
                OTHR      0.897     0.839     0.867        31
                REEG      0.982     0.976     0.979       168
              REEGWM      0.846     0.943     0.892        35
                ROSP      0.955     1.000     0.977        64
                SATE      0.906     0.983     0.943        59
                TRHE      0.993     0.967     0.980       150
               WHIBC      0.909     1.000     0.952        10

            accuracy                          0.972      1892
           macro avg      0.945     0.963     0.953      1892
        weighted avg      0.973     0.972     0.972      1892

Test report macro-F1: 0.953
Test report mAP (macro, one-vs-rest): 0.977
Test report per-class AP written to test_ap_per_class.json
Test report: 53 misclassified images saved to test_misclassified.json
[info] saved val_test_cms.pdf
[info] total run time: 0:10:35
