[info] Experiment: subclass_terns
[info] Description: 3-class sub-classifier for TERNS: ROTEA_ROTEF, SATEA_SATEF, CATEA_MTRNS
[info] Run directory: runs_2025_subclass_terns/swin_cropsplit_full_ep30_lr0100_wd0100
============================================================
TRAINING CONFIGURATION
============================================================
  experiment:       subclass_terns
  model:            swin_tiny_patch4_window7_224
  loss:             CrossEntropy
  epochs:           30
  warmup_epochs:    10
  lr:               0.0001
  weight_decay:     0.01
  accum_steps:      1
  AMP:              True
  device:           cuda
  hardware:         1x NVIDIA A10 (Lambda)
  input_size:       224
  batch_train:      32
  batch_eval:       128
  use_sampler:      True
  sampler_power:    0.5  (1.0 = 1/count, 0.5 = 1/sqrt(count), 0.0 = uniform)
  num_workers:      16
  image_root:       cropped-dataset-2025/crops
  label_key:        remapped_label
  num_classes:      3
  classes:          ['CATEA_MTRNS', 'ROTEA_ROTEF', 'SATEA_SATEF']
  train_size:       9563
  val_size:         1195
  test_size:        1197
============================================================
[info] saved split_composition.json
ep 01 | train acc 0.788 loss 0.471 | val acc 0.826 loss 0.416 | macroF1 0.571 | lr 1.00e-05 | val_time 2.6s | ep_time 19.0s
[info] new best val macro-F1 0.571 at epoch 01
ep 02 | train acc 0.856 loss 0.342 | val acc 0.874 loss 0.311 | macroF1 0.641 | lr 2.00e-05 | val_time 1.2s | ep_time 16.0s
[info] new best val macro-F1 0.641 at epoch 02
ep 03 | train acc 0.884 loss 0.291 | val acc 0.831 loss 0.387 | macroF1 0.565 | lr 3.00e-05 | val_time 1.2s | ep_time 16.1s
ep 04 | train acc 0.903 loss 0.245 | val acc 0.874 loss 0.329 | macroF1 0.566 | lr 4.00e-05 | val_time 1.2s | ep_time 15.9s
ep 05 | train acc 0.908 loss 0.240 | val acc 0.910 loss 0.247 | macroF1 0.657 | lr 5.00e-05 | val_time 1.3s | ep_time 16.0s
[info] new best val macro-F1 0.657 at epoch 05
ep 06 | train acc 0.921 loss 0.214 | val acc 0.895 loss 0.292 | macroF1 0.647 | lr 6.00e-05 | val_time 1.3s | ep_time 16.1s
ep 07 | train acc 0.922 loss 0.208 | val acc 0.897 loss 0.286 | macroF1 0.580 | lr 7.00e-05 | val_time 1.3s | ep_time 16.2s
ep 08 | train acc 0.926 loss 0.195 | val acc 0.918 loss 0.235 | macroF1 0.596 | lr 8.00e-05 | val_time 1.3s | ep_time 16.1s
ep 09 | train acc 0.927 loss 0.191 | val acc 0.910 loss 0.250 | macroF1 0.672 | lr 9.00e-05 | val_time 1.2s | ep_time 15.9s
[info] new best val macro-F1 0.672 at epoch 09
ep 10 | train acc 0.925 loss 0.195 | val acc 0.919 loss 0.262 | macroF1 0.591 | lr 1.00e-04 | val_time 1.3s | ep_time 16.0s
ep 11 | train acc 0.930 loss 0.181 | val acc 0.888 loss 0.274 | macroF1 0.648 | lr 9.94e-05 | val_time 1.3s | ep_time 16.3s
ep 12 | train acc 0.933 loss 0.180 | val acc 0.909 loss 0.238 | macroF1 0.683 | lr 9.76e-05 | val_time 1.3s | ep_time 15.9s
[info] new best val macro-F1 0.683 at epoch 12
ep 13 | train acc 0.941 loss 0.158 | val acc 0.917 loss 0.278 | macroF1 0.640 | lr 9.46e-05 | val_time 1.3s | ep_time 16.2s
ep 14 | train acc 0.948 loss 0.143 | val acc 0.900 loss 0.298 | macroF1 0.693 | lr 9.05e-05 | val_time 1.2s | ep_time 15.7s
[info] new best val macro-F1 0.693 at epoch 14
ep 15 | train acc 0.954 loss 0.127 | val acc 0.926 loss 0.238 | macroF1 0.601 | lr 8.54e-05 | val_time 1.4s | ep_time 16.3s
ep 16 | train acc 0.958 loss 0.108 | val acc 0.895 loss 0.367 | macroF1 0.579 | lr 7.94e-05 | val_time 1.3s | ep_time 16.0s
ep 17 | train acc 0.960 loss 0.114 | val acc 0.917 loss 0.283 | macroF1 0.705 | lr 7.27e-05 | val_time 1.2s | ep_time 16.2s
[info] new best val macro-F1 0.705 at epoch 17
ep 18 | train acc 0.963 loss 0.104 | val acc 0.911 loss 0.310 | macroF1 0.591 | lr 6.55e-05 | val_time 1.2s | ep_time 16.0s
ep 19 | train acc 0.972 loss 0.082 | val acc 0.921 loss 0.277 | macroF1 0.709 | lr 5.78e-05 | val_time 1.3s | ep_time 16.1s
[info] new best val macro-F1 0.709 at epoch 19
ep 20 | train acc 0.970 loss 0.085 | val acc 0.921 loss 0.271 | macroF1 0.597 | lr 5.00e-05 | val_time 1.3s | ep_time 16.2s
ep 21 | train acc 0.975 loss 0.071 | val acc 0.917 loss 0.306 | macroF1 0.705 | lr 4.22e-05 | val_time 1.3s | ep_time 16.3s
ep 22 | train acc 0.982 loss 0.054 | val acc 0.924 loss 0.312 | macroF1 0.601 | lr 3.45e-05 | val_time 1.3s | ep_time 16.2s
ep 23 | train acc 0.982 loss 0.049 | val acc 0.927 loss 0.346 | macroF1 0.604 | lr 2.73e-05 | val_time 1.2s | ep_time 15.9s
ep 24 | train acc 0.984 loss 0.047 | val acc 0.923 loss 0.348 | macroF1 0.601 | lr 2.06e-05 | val_time 1.3s | ep_time 16.0s
ep 25 | train acc 0.987 loss 0.039 | val acc 0.922 loss 0.374 | macroF1 0.600 | lr 1.46e-05 | val_time 1.3s | ep_time 16.1s
ep 26 | train acc 0.988 loss 0.037 | val acc 0.925 loss 0.332 | macroF1 0.602 | lr 9.55e-06 | val_time 1.3s | ep_time 16.4s
ep 27 | train acc 0.988 loss 0.031 | val acc 0.925 loss 0.332 | macroF1 0.601 | lr 5.45e-06 | val_time 1.3s | ep_time 16.4s
ep 28 | train acc 0.992 loss 0.026 | val acc 0.928 loss 0.338 | macroF1 0.604 | lr 2.45e-06 | val_time 1.3s | ep_time 15.9s
ep 29 | train acc 0.988 loss 0.031 | val acc 0.928 loss 0.335 | macroF1 0.605 | lr 6.16e-07 | val_time 1.3s | ep_time 15.8s
ep 30 | train acc 0.990 loss 0.028 | val acc 0.928 loss 0.335 | macroF1 0.605 | lr 0.00e+00 | val_time 1.3s | ep_time 16.2s
[info] saved curves.pdf

Validation report:
              precision    recall  f1-score   support

 CATEA_MTRNS      1.000     0.200     0.333         5
 ROTEA_ROTEF      0.971     0.927     0.948       914
 SATEA_SATEF      0.786     0.917     0.846       276

    accuracy                          0.921      1195
   macro avg      0.919     0.681     0.709      1195
weighted avg      0.929     0.921     0.922      1195

Validation report macro-F1: 0.709
Validation report mAP (macro, one-vs-rest): 0.714
Validation report per-class AP written to val_ap_per_class.json
Validation report: 94 misclassified saved to val_misclassified.json

Test report:
              precision    recall  f1-score   support

 CATEA_MTRNS      0.000     0.000     0.000         5
 ROTEA_ROTEF      0.967     0.918     0.942       915
 SATEA_SATEF      0.767     0.903     0.829       277

    accuracy                          0.911      1197
   macro avg      0.578     0.607     0.590      1197
weighted avg      0.916     0.911     0.912      1197

Test report macro-F1: 0.590
Test report mAP (macro, one-vs-rest): 0.665
Test report per-class AP written to test_ap_per_class.json
Test report: 107 misclassified saved to test_misclassified.json
[info] saved val_test_cms.pdf
[info] total run time: 0:08:16
