[info] Experiment: exp2_10class_terns
[info] Description: 10-class: terns merged into TERNS, rare -> OTHERS
[info] Run directory: runs_2025_exp2_10class_terns/swin_cropsplit_mpc3000_ep30_lr0100_wd0100
============================================================
TRAINING CONFIGURATION
============================================================
  experiment:       exp2_10class_terns
  model:            swin_tiny_patch4_window7_224
  loss:             CrossEntropy
  epochs:           30
  warmup_epochs:    10
  lr:               0.0001
  weight_decay:     0.01
  accum_steps:      1
  AMP:              True
  device:           cuda
  hardware:         1x NVIDIA A10 (Lambda)
  input_size:       224
  batch_train:      32
  batch_eval:       128
  use_sampler:      True
  num_workers:      16
  max_per_class:    3000
  image_root:       cropped-dataset-2025/crops
  label_key:        remapped_label
  num_classes:      10
  classes:          ['BRPEA', 'BRPEC', 'GBHEC', 'GREGA', 'GREGC', 'LAGUA', 'LWBBA', 'OTHERS', 'TERNS', 'TRHEA']
  train_size:       7420
  val_size:         1153
  test_size:        1156
============================================================
[info] saved split_composition.json
ep 01 | train acc 0.552 loss 1.381 | val acc 0.737 loss 0.838 | macroF1 0.542 | lr 1.00e-05 | val_time 3.4s | ep_time 27.1s
[info] new best val macro-F1 0.542 at epoch 01
ep 02 | train acc 0.823 loss 0.562 | val acc 0.868 loss 0.377 | macroF1 0.712 | lr 2.00e-05 | val_time 2.0s | ep_time 23.6s
[info] new best val macro-F1 0.712 at epoch 02
ep 03 | train acc 0.883 loss 0.377 | val acc 0.859 loss 0.388 | macroF1 0.691 | lr 3.00e-05 | val_time 2.0s | ep_time 23.6s
ep 04 | train acc 0.915 loss 0.269 | val acc 0.889 loss 0.340 | macroF1 0.711 | lr 4.00e-05 | val_time 2.0s | ep_time 23.3s
ep 05 | train acc 0.926 loss 0.233 | val acc 0.875 loss 0.378 | macroF1 0.705 | lr 5.00e-05 | val_time 1.8s | ep_time 24.3s
ep 06 | train acc 0.938 loss 0.196 | val acc 0.883 loss 0.372 | macroF1 0.692 | lr 6.00e-05 | val_time 2.0s | ep_time 24.2s
ep 07 | train acc 0.950 loss 0.157 | val acc 0.871 loss 0.406 | macroF1 0.710 | lr 7.00e-05 | val_time 1.9s | ep_time 23.5s
ep 08 | train acc 0.947 loss 0.171 | val acc 0.878 loss 0.389 | macroF1 0.684 | lr 8.00e-05 | val_time 2.0s | ep_time 23.5s
ep 09 | train acc 0.946 loss 0.165 | val acc 0.888 loss 0.369 | macroF1 0.750 | lr 9.00e-05 | val_time 2.1s | ep_time 23.3s
[info] new best val macro-F1 0.750 at epoch 09
ep 10 | train acc 0.954 loss 0.148 | val acc 0.862 loss 0.482 | macroF1 0.652 | lr 1.00e-04 | val_time 2.0s | ep_time 24.6s
ep 11 | train acc 0.953 loss 0.147 | val acc 0.879 loss 0.403 | macroF1 0.690 | lr 9.94e-05 | val_time 2.0s | ep_time 23.1s
ep 12 | train acc 0.961 loss 0.124 | val acc 0.895 loss 0.354 | macroF1 0.701 | lr 9.76e-05 | val_time 1.9s | ep_time 23.3s
ep 13 | train acc 0.969 loss 0.091 | val acc 0.914 loss 0.328 | macroF1 0.757 | lr 9.46e-05 | val_time 1.9s | ep_time 22.8s
[info] new best val macro-F1 0.757 at epoch 13
ep 14 | train acc 0.970 loss 0.092 | val acc 0.905 loss 0.345 | macroF1 0.759 | lr 9.05e-05 | val_time 1.9s | ep_time 24.4s
[info] new best val macro-F1 0.759 at epoch 14
ep 15 | train acc 0.975 loss 0.075 | val acc 0.912 loss 0.329 | macroF1 0.757 | lr 8.54e-05 | val_time 2.0s | ep_time 24.5s
ep 16 | train acc 0.975 loss 0.077 | val acc 0.904 loss 0.360 | macroF1 0.707 | lr 7.94e-05 | val_time 1.9s | ep_time 23.3s
ep 17 | train acc 0.977 loss 0.072 | val acc 0.925 loss 0.284 | macroF1 0.822 | lr 7.27e-05 | val_time 1.9s | ep_time 23.3s
[info] new best val macro-F1 0.822 at epoch 17
ep 18 | train acc 0.982 loss 0.050 | val acc 0.929 loss 0.306 | macroF1 0.783 | lr 6.55e-05 | val_time 2.0s | ep_time 22.8s
ep 19 | train acc 0.985 loss 0.043 | val acc 0.925 loss 0.313 | macroF1 0.768 | lr 5.78e-05 | val_time 1.9s | ep_time 24.4s
ep 20 | train acc 0.988 loss 0.038 | val acc 0.928 loss 0.280 | macroF1 0.806 | lr 5.00e-05 | val_time 2.1s | ep_time 24.1s
ep 21 | train acc 0.989 loss 0.034 | val acc 0.920 loss 0.341 | macroF1 0.762 | lr 4.22e-05 | val_time 1.9s | ep_time 23.4s
ep 22 | train acc 0.993 loss 0.026 | val acc 0.925 loss 0.332 | macroF1 0.774 | lr 3.45e-05 | val_time 2.0s | ep_time 23.3s
ep 23 | train acc 0.993 loss 0.023 | val acc 0.924 loss 0.331 | macroF1 0.757 | lr 2.73e-05 | val_time 1.6s | ep_time 23.2s
ep 24 | train acc 0.995 loss 0.017 | val acc 0.922 loss 0.331 | macroF1 0.755 | lr 2.06e-05 | val_time 2.0s | ep_time 24.5s
ep 25 | train acc 0.993 loss 0.020 | val acc 0.930 loss 0.310 | macroF1 0.770 | lr 1.46e-05 | val_time 2.0s | ep_time 23.6s
ep 26 | train acc 0.996 loss 0.014 | val acc 0.929 loss 0.315 | macroF1 0.766 | lr 9.55e-06 | val_time 2.0s | ep_time 23.3s
ep 27 | train acc 0.997 loss 0.012 | val acc 0.931 loss 0.321 | macroF1 0.769 | lr 5.45e-06 | val_time 2.1s | ep_time 23.5s
ep 28 | train acc 0.997 loss 0.011 | val acc 0.931 loss 0.314 | macroF1 0.774 | lr 2.45e-06 | val_time 1.3s | ep_time 23.9s
ep 29 | train acc 0.997 loss 0.011 | val acc 0.932 loss 0.312 | macroF1 0.775 | lr 6.16e-07 | val_time 1.9s | ep_time 24.2s
ep 30 | train acc 0.997 loss 0.013 | val acc 0.932 loss 0.312 | macroF1 0.775 | lr 0.00e+00 | val_time 1.8s | ep_time 23.4s
[info] saved curves.pdf

Validation report:
              precision    recall  f1-score   support

       BRPEA      0.843     0.854     0.848        82
       BRPEC      0.936     0.876     0.905       249
       GBHEC      0.833     0.833     0.833         6
       GREGA      0.833     0.909     0.870        11
       GREGC      0.750     0.818     0.783        11
       LAGUA      0.884     0.958     0.919       143
       LWBBA      0.455     0.714     0.556         7
      OTHERS      0.760     0.704     0.731        27
       TERNS      0.970     0.963     0.967       600
       TRHEA      0.750     0.882     0.811        17

    accuracy                          0.925      1153
   macro avg      0.801     0.851     0.822      1153
weighted avg      0.927     0.925     0.925      1153

Validation report macro-F1: 0.822
Validation report mAP (macro, one-vs-rest): 0.877
Validation report per-class AP written to val_ap_per_class.json
Validation report: 87 misclassified saved to val_misclassified.json

Test report:
              precision    recall  f1-score   support

       BRPEA      0.910     0.866     0.887        82
       BRPEC      0.953     0.904     0.928       249
       GBHEC      0.714     0.833     0.769         6
       GREGA      0.769     0.909     0.833        11
       GREGC      0.667     0.909     0.769        11
       LAGUA      0.890     0.958     0.923       144
       LWBBA      0.600     0.857     0.706         7
      OTHERS      0.621     0.643     0.632        28
       TERNS      0.971     0.963     0.967       600
       TRHEA      0.778     0.778     0.778        18

    accuracy                          0.930      1156
   macro avg      0.787     0.862     0.819      1156
weighted avg      0.933     0.930     0.931      1156

Test report macro-F1: 0.819
Test report mAP (macro, one-vs-rest): 0.883
Test report per-class AP written to test_ap_per_class.json
Test report: 81 misclassified saved to test_misclassified.json
[info] saved val_test_cms.pdf
[info] total run time: 0:12:05
