[info] Experiment: exp4_fine_grained
[info] Description: 11-class fine-grained: split terns, split egret life stages
[info] Run directory: runs_2025_exp4_fine_grained/swin_cropsplit_full_ep30_lr0100_wd0100
============================================================
TRAINING CONFIGURATION
============================================================
  experiment:       exp4_fine_grained
  model:            swin_tiny_patch4_window7_224
  loss:             CrossEntropy
  epochs:           30
  warmup_epochs:    10
  lr:               0.0001
  weight_decay:     0.01
  accum_steps:      1
  AMP:              True
  device:           cuda
  hardware:         1x NVIDIA A10 (Lambda)
  input_size:       224
  batch_train:      32
  batch_eval:       128
  use_sampler:      True
  sampler_power:    0.5  (1.0 = 1/count, 0.5 = 1/sqrt(count), 0.0 = uniform)
  num_workers:      16
  image_root:       cropped-dataset-2025/crops
  label_key:        remapped_label
  num_classes:      11
  classes:          ['GBHE_CHICK', 'GREAT_EGRET_ADULT', 'GREAT_EGRET_CHICK', 'LAUGHING_GULL', 'OTHERS', 'PELICAN_ADULT', 'PELICAN_CHICK', 'ROSEATE_TERN', 'SANDWICH_TERN', 'TRICOLORED_HERON', 'WHITE_IBIS']
  train_size:       13979
  val_size:         1747
  test_size:        1753
============================================================
[info] saved split_composition.json
ep 01 | train acc 0.653 loss 1.037 | val acc 0.816 loss 0.541 | macroF1 0.642 | lr 1.00e-05 | val_time 3.2s | ep_time 27.8s
[info] new best val macro-F1 0.642 at epoch 01
ep 02 | train acc 0.828 loss 0.515 | val acc 0.845 loss 0.456 | macroF1 0.688 | lr 2.00e-05 | val_time 1.5s | ep_time 23.1s
[info] new best val macro-F1 0.688 at epoch 02
ep 03 | train acc 0.869 loss 0.386 | val acc 0.880 loss 0.368 | macroF1 0.706 | lr 3.00e-05 | val_time 1.6s | ep_time 23.0s
[info] new best val macro-F1 0.706 at epoch 03
ep 04 | train acc 0.894 loss 0.326 | val acc 0.879 loss 0.362 | macroF1 0.723 | lr 4.00e-05 | val_time 1.5s | ep_time 22.6s
[info] new best val macro-F1 0.723 at epoch 04
ep 05 | train acc 0.903 loss 0.287 | val acc 0.888 loss 0.379 | macroF1 0.710 | lr 5.00e-05 | val_time 1.7s | ep_time 23.0s
[info] Experiment: exp4_fine_grained
[info] Description: 11-class fine-grained: split terns, split egret life stages
[info] Run directory: runs_2025_exp4_fine_grained/swin_cropsplit_full_ep30_lr0100_wd0100
============================================================
TRAINING CONFIGURATION
============================================================
  experiment:       exp4_fine_grained
  model:            swin_tiny_patch4_window7_224
  loss:             CrossEntropy
  epochs:           30
  warmup_epochs:    10
  lr:               0.0001
  weight_decay:     0.01
  accum_steps:      1
  AMP:              True
  device:           cuda
  hardware:         1x NVIDIA A10 (Lambda)
  input_size:       224
  batch_train:      32
  batch_eval:       128
  use_sampler:      True
  sampler_power:    0.5  (1.0 = 1/count, 0.5 = 1/sqrt(count), 0.0 = uniform)
  num_workers:      16
  image_root:       cropped-dataset-2025/crops
  label_key:        remapped_label
  num_classes:      11
  classes:          ['BRPEA_BRPEF', 'BRPEC', 'GBHEC', 'GREGA_GREGF', 'GREGC', 'LAGUA_LAGUF', 'OTHERS', 'ROTEA_ROTEF', 'SATEA_SATEF', 'TRHEA', 'WHIBA_WHIBF']
  train_size:       13979
  val_size:         1747
  test_size:        1753
============================================================
[info] saved split_composition.json
ep 01 | train acc 0.653 loss 1.035 | val acc 0.749 loss 0.647 | macroF1 0.610 | lr 1.00e-05 | val_time 3.3s | ep_time 26.5s
[info] new best val macro-F1 0.610 at epoch 01
ep 02 | train acc 0.824 loss 0.529 | val acc 0.819 loss 0.496 | macroF1 0.643 | lr 2.00e-05 | val_time 1.6s | ep_time 23.2s
[info] new best val macro-F1 0.643 at epoch 02
ep 03 | train acc 0.868 loss 0.398 | val acc 0.823 loss 0.510 | macroF1 0.654 | lr 3.00e-05 | val_time 1.5s | ep_time 23.1s
[info] new best val macro-F1 0.654 at epoch 03
ep 04 | train acc 0.891 loss 0.324 | val acc 0.869 loss 0.388 | macroF1 0.675 | lr 4.00e-05 | val_time 1.7s | ep_time 23.2s
[info] new best val macro-F1 0.675 at epoch 04
ep 05 | train acc 0.900 loss 0.291 | val acc 0.864 loss 0.403 | macroF1 0.681 | lr 5.00e-05 | val_time 1.6s | ep_time 23.1s
[info] new best val macro-F1 0.681 at epoch 05
ep 06 | train acc 0.913 loss 0.260 | val acc 0.891 loss 0.342 | macroF1 0.757 | lr 6.00e-05 | val_time 1.6s | ep_time 23.1s
[info] new best val macro-F1 0.757 at epoch 06
ep 07 | train acc 0.914 loss 0.248 | val acc 0.861 loss 0.407 | macroF1 0.711 | lr 7.00e-05 | val_time 1.7s | ep_time 23.4s
ep 08 | train acc 0.917 loss 0.240 | val acc 0.879 loss 0.375 | macroF1 0.723 | lr 8.00e-05 | val_time 1.7s | ep_time 23.0s
ep 09 | train acc 0.922 loss 0.228 | val acc 0.883 loss 0.402 | macroF1 0.745 | lr 9.00e-05 | val_time 1.7s | ep_time 23.1s
ep 10 | train acc 0.925 loss 0.215 | val acc 0.830 loss 0.526 | macroF1 0.670 | lr 1.00e-04 | val_time 1.6s | ep_time 23.1s
ep 11 | train acc 0.934 loss 0.189 | val acc 0.899 loss 0.365 | macroF1 0.714 | lr 9.94e-05 | val_time 1.7s | ep_time 23.2s
ep 12 | train acc 0.933 loss 0.193 | val acc 0.895 loss 0.347 | macroF1 0.774 | lr 9.76e-05 | val_time 1.6s | ep_time 23.1s
[info] new best val macro-F1 0.774 at epoch 12
ep 13 | train acc 0.942 loss 0.169 | val acc 0.899 loss 0.372 | macroF1 0.750 | lr 9.46e-05 | val_time 1.6s | ep_time 23.4s
ep 14 | train acc 0.946 loss 0.156 | val acc 0.888 loss 0.390 | macroF1 0.768 | lr 9.05e-05 | val_time 1.7s | ep_time 23.3s
ep 15 | train acc 0.954 loss 0.136 | val acc 0.903 loss 0.352 | macroF1 0.745 | lr 8.54e-05 | val_time 1.6s | ep_time 23.2s
ep 16 | train acc 0.957 loss 0.129 | val acc 0.911 loss 0.354 | macroF1 0.790 | lr 7.94e-05 | val_time 1.7s | ep_time 22.9s
[info] new best val macro-F1 0.790 at epoch 16
ep 17 | train acc 0.957 loss 0.121 | val acc 0.896 loss 0.376 | macroF1 0.791 | lr 7.27e-05 | val_time 1.7s | ep_time 23.1s
[info] new best val macro-F1 0.791 at epoch 17
ep 18 | train acc 0.966 loss 0.098 | val acc 0.902 loss 0.388 | macroF1 0.786 | lr 6.55e-05 | val_time 1.7s | ep_time 23.0s
ep 19 | train acc 0.968 loss 0.092 | val acc 0.898 loss 0.420 | macroF1 0.737 | lr 5.78e-05 | val_time 1.6s | ep_time 23.0s
ep 20 | train acc 0.975 loss 0.078 | val acc 0.911 loss 0.368 | macroF1 0.803 | lr 5.00e-05 | val_time 1.7s | ep_time 23.2s
[info] new best val macro-F1 0.803 at epoch 20
ep 21 | train acc 0.977 loss 0.069 | val acc 0.914 loss 0.363 | macroF1 0.810 | lr 4.22e-05 | val_time 1.7s | ep_time 23.2s
[info] new best val macro-F1 0.810 at epoch 21
ep 22 | train acc 0.980 loss 0.055 | val acc 0.919 loss 0.363 | macroF1 0.788 | lr 3.45e-05 | val_time 1.7s | ep_time 23.3s
ep 23 | train acc 0.983 loss 0.050 | val acc 0.904 loss 0.376 | macroF1 0.760 | lr 2.73e-05 | val_time 1.7s | ep_time 23.1s
ep 24 | train acc 0.985 loss 0.046 | val acc 0.911 loss 0.380 | macroF1 0.797 | lr 2.06e-05 | val_time 1.7s | ep_time 23.0s
ep 25 | train acc 0.987 loss 0.042 | val acc 0.914 loss 0.378 | macroF1 0.807 | lr 1.46e-05 | val_time 1.7s | ep_time 23.2s
ep 26 | train acc 0.988 loss 0.035 | val acc 0.912 loss 0.390 | macroF1 0.784 | lr 9.55e-06 | val_time 1.6s | ep_time 23.2s
ep 27 | train acc 0.988 loss 0.035 | val acc 0.919 loss 0.366 | macroF1 0.789 | lr 5.45e-06 | val_time 1.7s | ep_time 23.4s
ep 28 | train acc 0.990 loss 0.032 | val acc 0.915 loss 0.378 | macroF1 0.783 | lr 2.45e-06 | val_time 1.6s | ep_time 22.9s
ep 29 | train acc 0.991 loss 0.028 | val acc 0.917 loss 0.379 | macroF1 0.799 | lr 6.16e-07 | val_time 1.6s | ep_time 23.1s
ep 30 | train acc 0.991 loss 0.029 | val acc 0.917 loss 0.379 | macroF1 0.799 | lr 0.00e+00 | val_time 1.6s | ep_time 23.2s
[info] saved curves.pdf

Validation report:
              precision    recall  f1-score   support

 BRPEA_BRPEF      0.958     0.831     0.890        83
       BRPEC      0.926     0.908     0.917       249
       GBHEC      0.833     0.833     0.833         6
 GREGA_GREGF      0.889     0.727     0.800        11
       GREGC      0.643     0.818     0.720        11
 LAGUA_LAGUF      0.952     0.972     0.962       144
      OTHERS      0.692     0.581     0.632        31
 ROTEA_ROTEF      0.955     0.929     0.942       914
 SATEA_SATEF      0.800     0.928     0.859       276
       TRHEA      0.938     0.882     0.909        17
 WHIBA_WHIBF      0.500     0.400     0.444         5

    accuracy                          0.914      1747
   macro avg      0.826     0.801     0.810      1747
weighted avg      0.917     0.914     0.914      1747

Validation report macro-F1: 0.810
Validation report mAP (macro, one-vs-rest): 0.830
Validation report per-class AP written to val_ap_per_class.json
Validation report: 150 misclassified saved to val_misclassified.json

Test report:
              precision    recall  f1-score   support

 BRPEA_BRPEF      0.938     0.905     0.921        84
       BRPEC      0.950     0.908     0.928       249
       GBHEC      1.000     0.833     0.909         6
 GREGA_GREGF      0.700     0.636     0.667        11
       GREGC      0.667     0.909     0.769        11
 LAGUA_LAGUF      0.914     0.952     0.932       145
      OTHERS      0.621     0.562     0.590        32
 ROTEA_ROTEF      0.956     0.911     0.933       915
 SATEA_SATEF      0.769     0.913     0.835       277
       TRHEA      0.941     0.889     0.914        18
 WHIBA_WHIBF      0.500     0.600     0.545         5

    accuracy                          0.905      1753
   macro avg      0.814     0.820     0.813      1753
weighted avg      0.911     0.905     0.906      1753

Test report macro-F1: 0.813
Test report mAP (macro, one-vs-rest): 0.857
Test report per-class AP written to test_ap_per_class.json
Test report: 167 misclassified saved to test_misclassified.json
[info] saved val_test_cms.pdf
[info] total run time: 0:11:56
