[info] Experiment: exp1_11class
[info] Description: 11-class baseline: classes with >=50 samples, rare -> OTHERS
[info] Run directory: runs_2025_exp1_11class/swin_mpc3000_ep30_lr0100_wd0100
============================================================
TRAINING CONFIGURATION
============================================================
  experiment:       exp1_11class
  model:            swin_tiny_patch4_window7_224
  loss:             CrossEntropy
  epochs:           30
  warmup_epochs:    10
  lr:               0.0001
  weight_decay:     0.01
  accum_steps:      1
  AMP:              True
  device:           cuda
  hardware:         1x NVIDIA A10 (Lambda)
  input_size:       224
  batch_train:      32
  batch_eval:       128
  use_sampler:      True
  num_workers:      16
  max_per_class:    3000
  image_root:       cropped-dataset-2025/crops
  label_key:        remapped_label
  num_classes:      11
  classes:          ['BRPEA', 'BRPEC', 'GBHEC', 'GREGA', 'GREGC', 'LAGUA', 'LWBBA', 'OTHERS', 'ROTEA', 'SATEA', 'TRHEA']
  train_size:       9501
  val_size:         1474
  test_size:        1604
============================================================
[info] saved split_composition.json
ep 01 | train acc 0.624 loss 1.213 | val acc 0.486 loss 1.397 | macroF1 0.316 | lr 1.00e-05 | val_time 2.9s | ep_time 21.7s
[info] new best val macro-F1 0.316 at epoch 01
ep 02 | train acc 0.825 loss 0.546 | val acc 0.604 loss 1.159 | macroF1 0.389 | lr 2.00e-05 | val_time 2.0s | ep_time 17.1s
[info] new best val macro-F1 0.389 at epoch 02
ep 03 | train acc 0.876 loss 0.386 | val acc 0.749 loss 0.744 | macroF1 0.438 | lr 3.00e-05 | val_time 1.5s | ep_time 16.4s
[info] new best val macro-F1 0.438 at epoch 03
ep 04 | train acc 0.900 loss 0.304 | val acc 0.731 loss 0.852 | macroF1 0.425 | lr 4.00e-05 | val_time 1.4s | ep_time 16.6s
ep 05 | train acc 0.920 loss 0.244 | val acc 0.750 loss 0.850 | macroF1 0.437 | lr 5.00e-05 | val_time 1.4s | ep_time 16.4s
ep 06 | train acc 0.926 loss 0.232 | val acc 0.743 loss 0.815 | macroF1 0.421 | lr 6.00e-05 | val_time 1.4s | ep_time 16.6s
ep 07 | train acc 0.931 loss 0.219 | val acc 0.816 loss 0.570 | macroF1 0.467 | lr 7.00e-05 | val_time 1.3s | ep_time 16.4s
[info] new best val macro-F1 0.467 at epoch 07
ep 08 | train acc 0.940 loss 0.182 | val acc 0.725 loss 0.845 | macroF1 0.459 | lr 8.00e-05 | val_time 1.4s | ep_time 16.1s
ep 09 | train acc 0.936 loss 0.197 | val acc 0.822 loss 0.597 | macroF1 0.476 | lr 9.00e-05 | val_time 1.5s | ep_time 16.5s
[info] new best val macro-F1 0.476 at epoch 09
ep 10 | train acc 0.938 loss 0.188 | val acc 0.701 loss 0.854 | macroF1 0.448 | lr 1.00e-04 | val_time 1.4s | ep_time 16.5s
ep 11 | train acc 0.948 loss 0.163 | val acc 0.810 loss 0.591 | macroF1 0.472 | lr 9.94e-05 | val_time 1.4s | ep_time 16.5s
ep 12 | train acc 0.951 loss 0.147 | val acc 0.806 loss 0.624 | macroF1 0.477 | lr 9.76e-05 | val_time 1.4s | ep_time 16.3s
[info] new best val macro-F1 0.477 at epoch 12
ep 13 | train acc 0.958 loss 0.129 | val acc 0.847 loss 0.539 | macroF1 0.480 | lr 9.46e-05 | val_time 1.5s | ep_time 16.7s
[info] new best val macro-F1 0.480 at epoch 13
ep 14 | train acc 0.963 loss 0.119 | val acc 0.788 loss 0.724 | macroF1 0.452 | lr 9.05e-05 | val_time 1.5s | ep_time 16.7s
ep 15 | train acc 0.962 loss 0.115 | val acc 0.835 loss 0.549 | macroF1 0.481 | lr 8.54e-05 | val_time 1.5s | ep_time 16.4s
[info] new best val macro-F1 0.481 at epoch 15
ep 16 | train acc 0.967 loss 0.102 | val acc 0.796 loss 0.705 | macroF1 0.466 | lr 7.94e-05 | val_time 1.5s | ep_time 16.2s
ep 17 | train acc 0.970 loss 0.089 | val acc 0.841 loss 0.548 | macroF1 0.491 | lr 7.27e-05 | val_time 1.5s | ep_time 16.5s
[info] new best val macro-F1 0.491 at epoch 17
ep 18 | train acc 0.977 loss 0.069 | val acc 0.847 loss 0.539 | macroF1 0.499 | lr 6.55e-05 | val_time 1.5s | ep_time 16.5s
[info] new best val macro-F1 0.499 at epoch 18
ep 19 | train acc 0.974 loss 0.073 | val acc 0.832 loss 0.615 | macroF1 0.475 | lr 5.78e-05 | val_time 1.5s | ep_time 16.6s
ep 20 | train acc 0.979 loss 0.062 | val acc 0.845 loss 0.549 | macroF1 0.490 | lr 5.00e-05 | val_time 1.4s | ep_time 16.5s
ep 21 | train acc 0.983 loss 0.055 | val acc 0.881 loss 0.500 | macroF1 0.514 | lr 4.22e-05 | val_time 1.5s | ep_time 16.3s
[info] new best val macro-F1 0.514 at epoch 21
ep 22 | train acc 0.984 loss 0.049 | val acc 0.882 loss 0.492 | macroF1 0.525 | lr 3.45e-05 | val_time 1.4s | ep_time 16.5s
[info] new best val macro-F1 0.525 at epoch 22
ep 23 | train acc 0.988 loss 0.038 | val acc 0.857 loss 0.548 | macroF1 0.515 | lr 2.73e-05 | val_time 1.5s | ep_time 18.2s
ep 24 | train acc 0.990 loss 0.032 | val acc 0.873 loss 0.522 | macroF1 0.510 | lr 2.06e-05 | val_time 1.4s | ep_time 16.1s
ep 25 | train acc 0.989 loss 0.032 | val acc 0.889 loss 0.517 | macroF1 0.519 | lr 1.46e-05 | val_time 1.4s | ep_time 16.3s
ep 26 | train acc 0.991 loss 0.029 | val acc 0.883 loss 0.519 | macroF1 0.528 | lr 9.55e-06 | val_time 1.5s | ep_time 16.5s
[info] new best val macro-F1 0.528 at epoch 26
ep 27 | train acc 0.991 loss 0.025 | val acc 0.881 loss 0.516 | macroF1 0.517 | lr 5.45e-06 | val_time 1.5s | ep_time 16.6s
ep 28 | train acc 0.994 loss 0.022 | val acc 0.880 loss 0.527 | macroF1 0.519 | lr 2.45e-06 | val_time 1.4s | ep_time 16.4s
ep 29 | train acc 0.994 loss 0.024 | val acc 0.881 loss 0.523 | macroF1 0.519 | lr 6.16e-07 | val_time 1.5s | ep_time 16.5s
ep 30 | train acc 0.993 loss 0.024 | val acc 0.881 loss 0.523 | macroF1 0.519 | lr 0.00e+00 | val_time 1.5s | ep_time 16.6s
[info] saved curves.pdf

Validation report:
              precision    recall  f1-score   support

       BRPEA      0.884     0.938     0.910        81
       BRPEC      0.925     0.929     0.927       294
       GBHEC      0.000     0.000     0.000         0
       GREGA      0.000     0.000     0.000         0
       GREGC      0.000     0.000     0.000         0
       LAGUA      0.906     0.923     0.914       168
       LWBBA      0.000     0.000     0.000         0
      OTHERS      0.500     0.429     0.462        14
       ROTEA      0.945     0.860     0.901       600
       SATEA      0.737     0.873     0.799       276
       TRHEA      0.946     0.854     0.897        41

    accuracy                          0.883      1474
   macro avg      0.531     0.528     0.528      1474
weighted avg      0.890     0.883     0.885      1474

Validation report macro-F1: 0.528
Validation report mAP (macro, one-vs-rest): 0.544
Validation report per-class AP written to val_ap_per_class.json
Validation report: 172 misclassified saved to val_misclassified.json

Test report:
              precision    recall  f1-score   support

       BRPEA      0.915     0.843     0.877        89
       BRPEC      0.880     0.945     0.911       201
       GBHEC      0.000     0.000     0.000         0
       GREGA      0.000     0.000     0.000         0
       GREGC      0.000     0.000     0.000         0
       LAGUA      0.908     0.948     0.928       135
       LWBBA      0.000     0.000     0.000         0
      OTHERS      0.659     0.643     0.651        42
       ROTEA      0.917     0.830     0.871       600
       SATEA      0.833     0.898     0.864       532
       TRHEA      0.667     0.800     0.727         5

    accuracy                          0.873      1604
   macro avg      0.525     0.537     0.530      1604
weighted avg      0.876     0.873     0.873      1604

Test report macro-F1: 0.530
Test report mAP (macro, one-vs-rest): 0.563
Test report per-class AP written to test_ap_per_class.json
Test report: 204 misclassified saved to test_misclassified.json
[info] saved val_test_cms.pdf
[info] total run time: 0:08:39
