[info] run directory: runs_swin_tiny/swin_mpc1000_ep30_lr0100_wd0100_as1
[info] saved split_composition.json
[info] model: swin_tiny_patch4_window7_224
[info] epochs: 30, lr: 0.0001, weight_decay: 0.01, accum_steps: 1
ep 01 | train acc 0.618 loss 1.352 | val acc 0.748 loss 0.701 | macroF1 0.695 | lr 1.00e-05 | val_time 3.7s | ep_time 29.6s
[info] new best val macro-F1 0.695 at epoch 01
ep 02 | train acc 0.832 loss 0.528 | val acc 0.831 loss 0.498 | macroF1 0.777 | lr 2.00e-05 | val_time 1.6s | ep_time 24.0s
[info] new best val macro-F1 0.777 at epoch 02
ep 03 | train acc 0.881 loss 0.356 | val acc 0.865 loss 0.422 | macroF1 0.813 | lr 3.00e-05 | val_time 1.6s | ep_time 23.6s
[info] new best val macro-F1 0.813 at epoch 03
ep 04 | train acc 0.902 loss 0.288 | val acc 0.894 loss 0.314 | macroF1 0.846 | lr 4.00e-05 | val_time 2.3s | ep_time 24.5s
[info] new best val macro-F1 0.846 at epoch 04
ep 05 | train acc 0.915 loss 0.250 | val acc 0.892 loss 0.329 | macroF1 0.848 | lr 5.00e-05 | val_time 1.6s | ep_time 23.7s
[info] new best val macro-F1 0.848 at epoch 05
ep 06 | train acc 0.922 loss 0.225 | val acc 0.898 loss 0.336 | macroF1 0.852 | lr 6.00e-05 | val_time 1.8s | ep_time 23.7s
[info] new best val macro-F1 0.852 at epoch 06
ep 07 | train acc 0.927 loss 0.205 | val acc 0.856 loss 0.575 | macroF1 0.815 | lr 7.00e-05 | val_time 1.7s | ep_time 23.9s
ep 08 | train acc 0.926 loss 0.206 | val acc 0.897 loss 0.322 | macroF1 0.852 | lr 8.00e-05 | val_time 1.7s | ep_time 23.2s
ep 09 | train acc 0.927 loss 0.209 | val acc 0.901 loss 0.303 | macroF1 0.858 | lr 9.00e-05 | val_time 1.6s | ep_time 23.7s
[info] new best val macro-F1 0.858 at epoch 09
ep 10 | train acc 0.932 loss 0.190 | val acc 0.883 loss 0.386 | macroF1 0.839 | lr 1.00e-04 | val_time 1.7s | ep_time 23.5s
ep 11 | train acc 0.943 loss 0.164 | val acc 0.908 loss 0.285 | macroF1 0.864 | lr 9.94e-05 | val_time 1.8s | ep_time 24.1s
[info] new best val macro-F1 0.864 at epoch 11
ep 12 | train acc 0.947 loss 0.148 | val acc 0.866 loss 0.453 | macroF1 0.828 | lr 9.76e-05 | val_time 1.7s | ep_time 23.8s
ep 13 | train acc 0.951 loss 0.137 | val acc 0.879 loss 0.416 | macroF1 0.837 | lr 9.46e-05 | val_time 1.7s | ep_time 23.9s
ep 14 | train acc 0.954 loss 0.131 | val acc 0.921 loss 0.270 | macroF1 0.881 | lr 9.05e-05 | val_time 1.9s | ep_time 24.1s
[info] new best val macro-F1 0.881 at epoch 14
ep 15 | train acc 0.962 loss 0.106 | val acc 0.902 loss 0.315 | macroF1 0.872 | lr 8.54e-05 | val_time 1.8s | ep_time 23.8s
ep 16 | train acc 0.964 loss 0.105 | val acc 0.899 loss 0.315 | macroF1 0.873 | lr 7.94e-05 | val_time 1.7s | ep_time 24.1s
ep 17 | train acc 0.969 loss 0.085 | val acc 0.922 loss 0.292 | macroF1 0.885 | lr 7.27e-05 | val_time 1.8s | ep_time 24.3s
[info] new best val macro-F1 0.885 at epoch 17
ep 18 | train acc 0.968 loss 0.086 | val acc 0.914 loss 0.294 | macroF1 0.889 | lr 6.55e-05 | val_time 1.7s | ep_time 23.9s
[info] new best val macro-F1 0.889 at epoch 18
ep 19 | train acc 0.975 loss 0.070 | val acc 0.923 loss 0.273 | macroF1 0.883 | lr 5.78e-05 | val_time 1.8s | ep_time 23.7s
ep 20 | train acc 0.978 loss 0.060 | val acc 0.924 loss 0.297 | macroF1 0.891 | lr 5.00e-05 | val_time 1.8s | ep_time 23.8s
[info] new best val macro-F1 0.891 at epoch 20
ep 21 | train acc 0.978 loss 0.056 | val acc 0.936 loss 0.257 | macroF1 0.913 | lr 4.22e-05 | val_time 1.5s | ep_time 23.9s
[info] new best val macro-F1 0.913 at epoch 21
ep 22 | train acc 0.984 loss 0.044 | val acc 0.935 loss 0.249 | macroF1 0.906 | lr 3.45e-05 | val_time 1.7s | ep_time 23.9s
ep 23 | train acc 0.984 loss 0.041 | val acc 0.931 loss 0.260 | macroF1 0.907 | lr 2.73e-05 | val_time 1.7s | ep_time 23.8s
ep 24 | train acc 0.988 loss 0.035 | val acc 0.940 loss 0.243 | macroF1 0.910 | lr 2.06e-05 | val_time 1.6s | ep_time 23.6s
ep 25 | train acc 0.988 loss 0.030 | val acc 0.941 loss 0.246 | macroF1 0.919 | lr 1.46e-05 | val_time 1.7s | ep_time 24.0s
[info] new best val macro-F1 0.919 at epoch 25
ep 26 | train acc 0.988 loss 0.030 | val acc 0.933 loss 0.267 | macroF1 0.899 | lr 9.55e-06 | val_time 1.7s | ep_time 23.7s
ep 27 | train acc 0.991 loss 0.023 | val acc 0.935 loss 0.258 | macroF1 0.904 | lr 5.45e-06 | val_time 1.8s | ep_time 24.0s
ep 28 | train acc 0.990 loss 0.025 | val acc 0.937 loss 0.253 | macroF1 0.908 | lr 2.45e-06 | val_time 1.7s | ep_time 23.8s
ep 29 | train acc 0.989 loss 0.025 | val acc 0.939 loss 0.248 | macroF1 0.912 | lr 6.16e-07 | val_time 1.9s | ep_time 24.0s
ep 30 | train acc 0.991 loss 0.023 | val acc 0.939 loss 0.248 | macroF1 0.912 | lr 0.00e+00 | val_time 1.8s | ep_time 24.1s
[info] saved curves.pdf

Validation report:
              precision    recall  f1-score   support

        BCNH      0.974     0.949     0.961       117
        BLSK      0.971     1.000     0.985        67
        BRPE      0.995     0.995     0.995       200
       BRPEC      0.971     0.895     0.932        38
        CAEG      1.000     0.991     0.996       117
        GBHE      0.975     0.995     0.985       197
        GREG      0.750     0.800     0.774        45
        LAGU      0.985     0.985     0.985       200
       MEGRT      0.853     0.763     0.806        38
        MTRN      0.857     0.840     0.848       200
      OTHERS      0.750     1.000     0.857        18
        OTHR      0.842     0.800     0.821        20
        REEG      0.975     1.000     0.987       153
      REEGWM      0.964     0.931     0.947        29
        ROSP      0.982     0.982     0.982       110
        ROTE      0.867     0.845     0.856       200
        SATE      0.889     0.960     0.923        75
        SNEG      0.824     0.824     0.824        17
        TRHE      0.983     0.975     0.979       119
        WHIB      0.954     0.935     0.944       200
       WHIBC      0.889     0.960     0.923        25

    accuracy                          0.941      2185
   macro avg      0.917     0.925     0.919      2185
weighted avg      0.942     0.941     0.941      2185

Validation report macro-F1: 0.919
Validation report mAP (macro, one-vs-rest): 0.959
Validation report per-class AP written to val_ap_per_class.json

Test report:
              precision    recall  f1-score   support

        BCNH      0.992     0.967     0.979       121
        BLSK      1.000     0.995     0.997       200
        BRPE      0.995     0.980     0.987       200
       BRPEC      1.000     0.949     0.974        39
        CAEG      0.959     0.989     0.974        95
        GBHE      0.971     0.993     0.982       135
        GREG      0.817     0.790     0.803        62
        LAGU      0.966     0.980     0.973       200
       MEGRT      0.638     0.750     0.690        40
        MTRN      0.909     0.850     0.879       200
      OTHERS      0.800     0.909     0.851        22
        OTHR      0.931     0.871     0.900        31
        REEG      0.976     0.982     0.979       168
      REEGWM      0.816     0.886     0.849        35
        ROSP      0.985     1.000     0.992        64
        ROTE      0.856     0.895     0.875       200
        SATE      0.905     0.966     0.934        59
        SNEG      0.808     0.913     0.857        23
        TRHE      0.980     0.973     0.977       150
        WHIB      0.968     0.900     0.933       200
       WHIBC      0.909     1.000     0.952        10

    accuracy                          0.941      2254
   macro avg      0.913     0.930     0.921      2254
weighted avg      0.943     0.941     0.942      2254

Test report macro-F1: 0.921
Test report mAP (macro, one-vs-rest): 0.959
Test report per-class AP written to test_ap_per_class.json
[info] saved val_test_cms.pdf
