[info] Experiment: exp2_10class_terns
[info] Description: 10-class: terns merged into TERNS, rare -> OTHERS
[info] Run directory: runs_2025_exp2_10class_terns/swin_mpc3000_ep30_lr0100_wd0100
============================================================
TRAINING CONFIGURATION
============================================================
  experiment:       exp2_10class_terns
  model:            swin_tiny_patch4_window7_224
  loss:             CrossEntropy
  epochs:           30
  warmup_epochs:    10
  lr:               0.0001
  weight_decay:     0.01
  accum_steps:      1
  AMP:              True
  device:           cuda
  hardware:         1x NVIDIA A10 (Lambda)
  input_size:       224
  batch_train:      32
  batch_eval:       128
  use_sampler:      True
  num_workers:      16
  max_per_class:    3000
  image_root:       cropped-dataset-2025/crops
  label_key:        remapped_label
  num_classes:      10
  classes:          ['BRPEA', 'BRPEC', 'GBHEC', 'GREGA', 'GREGC', 'LAGUA', 'LWBBA', 'OTHERS', 'TERNS', 'TRHEA']
  train_size:       7494
  val_size:         1187
  test_size:        1048
============================================================
[info] saved split_composition.json
ep 01 | train acc 0.589 loss 1.301 | val acc 0.765 loss 0.771 | macroF1 0.369 | lr 1.00e-05 | val_time 2.5s | ep_time 16.3s
[info] new best val macro-F1 0.369 at epoch 01
ep 02 | train acc 0.831 loss 0.536 | val acc 0.839 loss 0.448 | macroF1 0.411 | lr 2.00e-05 | val_time 1.2s | ep_time 13.4s
[info] new best val macro-F1 0.411 at epoch 02
ep 03 | train acc 0.881 loss 0.385 | val acc 0.856 loss 0.449 | macroF1 0.428 | lr 3.00e-05 | val_time 1.3s | ep_time 13.2s
[info] new best val macro-F1 0.428 at epoch 03
ep 04 | train acc 0.902 loss 0.294 | val acc 0.863 loss 0.440 | macroF1 0.424 | lr 4.00e-05 | val_time 1.2s | ep_time 13.3s
ep 05 | train acc 0.926 loss 0.228 | val acc 0.848 loss 0.483 | macroF1 0.426 | lr 5.00e-05 | val_time 1.2s | ep_time 13.3s
ep 06 | train acc 0.936 loss 0.200 | val acc 0.861 loss 0.468 | macroF1 0.448 | lr 6.00e-05 | val_time 1.3s | ep_time 13.3s
[info] new best val macro-F1 0.448 at epoch 06
ep 07 | train acc 0.945 loss 0.180 | val acc 0.890 loss 0.348 | macroF1 0.440 | lr 7.00e-05 | val_time 1.2s | ep_time 13.3s
ep 08 | train acc 0.944 loss 0.167 | val acc 0.896 loss 0.350 | macroF1 0.450 | lr 8.00e-05 | val_time 1.3s | ep_time 13.3s
[info] new best val macro-F1 0.450 at epoch 08
ep 09 | train acc 0.944 loss 0.169 | val acc 0.881 loss 0.393 | macroF1 0.436 | lr 9.00e-05 | val_time 1.4s | ep_time 13.2s
ep 10 | train acc 0.956 loss 0.134 | val acc 0.895 loss 0.375 | macroF1 0.455 | lr 1.00e-04 | val_time 1.2s | ep_time 13.4s
[info] new best val macro-F1 0.455 at epoch 10
ep 11 | train acc 0.956 loss 0.136 | val acc 0.922 loss 0.291 | macroF1 0.461 | lr 9.94e-05 | val_time 1.3s | ep_time 13.4s
[info] new best val macro-F1 0.461 at epoch 11
ep 12 | train acc 0.969 loss 0.095 | val acc 0.903 loss 0.341 | macroF1 0.453 | lr 9.76e-05 | val_time 1.3s | ep_time 13.5s
ep 13 | train acc 0.967 loss 0.096 | val acc 0.919 loss 0.310 | macroF1 0.462 | lr 9.46e-05 | val_time 1.3s | ep_time 13.3s
[info] new best val macro-F1 0.462 at epoch 13
ep 14 | train acc 0.970 loss 0.091 | val acc 0.887 loss 0.408 | macroF1 0.449 | lr 9.05e-05 | val_time 1.3s | ep_time 13.1s
ep 15 | train acc 0.968 loss 0.094 | val acc 0.905 loss 0.370 | macroF1 0.443 | lr 8.54e-05 | val_time 1.3s | ep_time 13.3s
ep 16 | train acc 0.975 loss 0.076 | val acc 0.925 loss 0.295 | macroF1 0.468 | lr 7.94e-05 | val_time 1.3s | ep_time 13.3s
[info] new best val macro-F1 0.468 at epoch 16
ep 17 | train acc 0.978 loss 0.067 | val acc 0.922 loss 0.270 | macroF1 0.465 | lr 7.27e-05 | val_time 1.2s | ep_time 13.2s
ep 18 | train acc 0.985 loss 0.045 | val acc 0.912 loss 0.346 | macroF1 0.469 | lr 6.55e-05 | val_time 1.3s | ep_time 13.3s
[info] new best val macro-F1 0.469 at epoch 18
ep 19 | train acc 0.982 loss 0.050 | val acc 0.925 loss 0.267 | macroF1 0.463 | lr 5.78e-05 | val_time 1.3s | ep_time 13.0s
ep 20 | train acc 0.987 loss 0.037 | val acc 0.928 loss 0.262 | macroF1 0.466 | lr 5.00e-05 | val_time 1.2s | ep_time 13.2s
ep 21 | train acc 0.991 loss 0.028 | val acc 0.933 loss 0.244 | macroF1 0.476 | lr 4.22e-05 | val_time 1.2s | ep_time 13.2s
[info] new best val macro-F1 0.476 at epoch 21
ep 22 | train acc 0.993 loss 0.020 | val acc 0.912 loss 0.340 | macroF1 0.472 | lr 3.45e-05 | val_time 1.3s | ep_time 13.0s
ep 23 | train acc 0.993 loss 0.020 | val acc 0.939 loss 0.258 | macroF1 0.475 | lr 2.73e-05 | val_time 1.3s | ep_time 13.6s
ep 24 | train acc 0.994 loss 0.018 | val acc 0.935 loss 0.267 | macroF1 0.476 | lr 2.06e-05 | val_time 1.2s | ep_time 13.3s
[info] new best val macro-F1 0.476 at epoch 24
ep 25 | train acc 0.995 loss 0.017 | val acc 0.943 loss 0.257 | macroF1 0.480 | lr 1.46e-05 | val_time 1.3s | ep_time 13.4s
[info] new best val macro-F1 0.480 at epoch 25
ep 26 | train acc 0.995 loss 0.014 | val acc 0.940 loss 0.277 | macroF1 0.476 | lr 9.55e-06 | val_time 1.2s | ep_time 13.0s
ep 27 | train acc 0.997 loss 0.012 | val acc 0.943 loss 0.267 | macroF1 0.479 | lr 5.45e-06 | val_time 1.3s | ep_time 13.3s
ep 28 | train acc 0.996 loss 0.012 | val acc 0.940 loss 0.277 | macroF1 0.475 | lr 2.45e-06 | val_time 1.3s | ep_time 13.3s
ep 29 | train acc 0.997 loss 0.012 | val acc 0.940 loss 0.276 | macroF1 0.475 | lr 6.16e-07 | val_time 1.2s | ep_time 13.4s
ep 30 | train acc 0.996 loss 0.011 | val acc 0.940 loss 0.276 | macroF1 0.475 | lr 0.00e+00 | val_time 1.3s | ep_time 13.3s
[info] saved curves.pdf

Validation report:
              precision    recall  f1-score   support

       BRPEA      0.911     0.889     0.900        81
       BRPEC      0.921     0.949     0.935       294
       GBHEC      0.000     0.000     0.000         0
       GREGA      0.000     0.000     0.000         0
       GREGC      0.000     0.000     0.000         0
       LAGUA      0.908     0.940     0.924       168
       LWBBA      0.000     0.000     0.000         0
      OTHERS      0.167     0.333     0.222         3
       TERNS      0.986     0.960     0.973       600
       TRHEA      0.892     0.805     0.846        41

    accuracy                          0.943      1187
   macro avg      0.479     0.488     0.480      1187
weighted avg      0.949     0.943     0.945      1187

Validation report macro-F1: 0.480
Validation report mAP (macro, one-vs-rest): 0.516
Validation report per-class AP written to val_ap_per_class.json
Validation report: 68 misclassified saved to val_misclassified.json

Test report:
              precision    recall  f1-score   support

       BRPEA      0.949     0.843     0.893        89
       BRPEC      0.903     0.975     0.938       201
       GBHEC      0.000     0.000     0.000         0
       GREGA      0.000     0.000     0.000         0
       GREGC      0.000     0.000     0.000         0
       LAGUA      0.962     0.926     0.943       135
       LWBBA      0.000     0.000     0.000         0
      OTHERS      0.684     0.722     0.703        18
       TERNS      0.978     0.967     0.972       600
       TRHEA      0.667     0.800     0.727         5

    accuracy                          0.948      1048
   macro avg      0.514     0.523     0.518      1048
weighted avg      0.953     0.948     0.949      1048

Test report macro-F1: 0.518
Test report mAP (macro, one-vs-rest): 0.546
Test report per-class AP written to test_ap_per_class.json
Test report: 55 misclassified saved to test_misclassified.json
[info] saved val_test_cms.pdf
[info] total run time: 0:06:55
