[info] run directory: runs_roten_saten/swin_mpcNone_ep30_lr0100_wd0100_as1_4
============================================================
TRAINING CONFIGURATION  (ROTEN vs SATEN)
============================================================
  model:            swin_tiny_patch4_window7_224
  loss:             CrossEntropy
  epochs:           30
  warmup_epochs:    10
  lr:               0.0001
  weight_decay:     0.01
  accum_steps:      1
  AMP:              True
  device:           cuda
  hardware:         1x NVIDIA A10 (Lambda)
  image_root:       data/Images-256-cropped
  input_size:       224
  batch_train:      32
  batch_eval:       128
  use_sampler:      True
  num_workers:      16
  max_per_class:    None
  merge_groups:     None
  num_classes:      2
  classes:          ['ROTEN', 'SATEN']
  train_size:       1016
  val_size:         127
  test_size:        127
============================================================
[info] saved split_composition.json
ep 01 | train acc 0.697 loss 0.580 | val acc 0.622 loss 0.634 | macroF1 0.562 | lr 1.00e-05 | val_time 1.8s | ep_time 7.4s
[info] new best val macro-F1 0.562 at epoch 01
ep 02 | train acc 0.840 loss 0.386 | val acc 0.835 loss 0.403 | macroF1 0.833 | lr 2.00e-05 | val_time 0.7s | ep_time 3.8s
[info] new best val macro-F1 0.833 at epoch 02
ep 03 | train acc 0.844 loss 0.378 | val acc 0.709 loss 0.683 | macroF1 0.683 | lr 3.00e-05 | val_time 0.7s | ep_time 3.5s
ep 04 | train acc 0.886 loss 0.288 | val acc 0.732 loss 0.684 | macroF1 0.715 | lr 4.00e-05 | val_time 0.6s | ep_time 3.9s
ep 05 | train acc 0.901 loss 0.258 | val acc 0.819 loss 0.539 | macroF1 0.814 | lr 5.00e-05 | val_time 0.6s | ep_time 4.0s
ep 06 | train acc 0.904 loss 0.251 | val acc 0.724 loss 0.670 | macroF1 0.706 | lr 6.00e-05 | val_time 0.7s | ep_time 4.1s
ep 07 | train acc 0.917 loss 0.219 | val acc 0.882 loss 0.389 | macroF1 0.881 | lr 7.00e-05 | val_time 0.7s | ep_time 4.0s
[info] new best val macro-F1 0.881 at epoch 07
ep 08 | train acc 0.926 loss 0.202 | val acc 0.748 loss 0.646 | macroF1 0.734 | lr 8.00e-05 | val_time 0.7s | ep_time 4.0s
ep 09 | train acc 0.931 loss 0.211 | val acc 0.890 loss 0.391 | macroF1 0.889 | lr 9.00e-05 | val_time 0.6s | ep_time 4.0s
[info] new best val macro-F1 0.889 at epoch 09
ep 10 | train acc 0.936 loss 0.170 | val acc 0.843 loss 0.571 | macroF1 0.840 | lr 1.00e-04 | val_time 0.6s | ep_time 3.6s
ep 11 | train acc 0.936 loss 0.192 | val acc 0.866 loss 0.366 | macroF1 0.865 | lr 9.94e-05 | val_time 0.7s | ep_time 4.1s
ep 12 | train acc 0.939 loss 0.167 | val acc 0.890 loss 0.511 | macroF1 0.889 | lr 9.76e-05 | val_time 0.7s | ep_time 4.0s
ep 13 | train acc 0.942 loss 0.155 | val acc 0.906 loss 0.404 | macroF1 0.905 | lr 9.46e-05 | val_time 0.6s | ep_time 3.9s
[info] new best val macro-F1 0.905 at epoch 13
ep 14 | train acc 0.938 loss 0.148 | val acc 0.866 loss 0.453 | macroF1 0.866 | lr 9.05e-05 | val_time 0.7s | ep_time 4.1s
ep 15 | train acc 0.954 loss 0.147 | val acc 0.874 loss 0.457 | macroF1 0.873 | lr 8.54e-05 | val_time 0.7s | ep_time 4.0s
ep 16 | train acc 0.954 loss 0.110 | val acc 0.890 loss 0.401 | macroF1 0.889 | lr 7.94e-05 | val_time 0.6s | ep_time 3.9s
ep 17 | train acc 0.947 loss 0.139 | val acc 0.866 loss 0.373 | macroF1 0.865 | lr 7.27e-05 | val_time 0.6s | ep_time 3.0s
ep 18 | train acc 0.954 loss 0.126 | val acc 0.858 loss 0.443 | macroF1 0.857 | lr 6.55e-05 | val_time 0.7s | ep_time 3.5s
ep 19 | train acc 0.971 loss 0.075 | val acc 0.874 loss 0.473 | macroF1 0.873 | lr 5.78e-05 | val_time 0.7s | ep_time 4.0s
ep 20 | train acc 0.977 loss 0.062 | val acc 0.882 loss 0.558 | macroF1 0.881 | lr 5.00e-05 | val_time 0.6s | ep_time 3.9s
ep 21 | train acc 0.978 loss 0.064 | val acc 0.882 loss 0.510 | macroF1 0.881 | lr 4.22e-05 | val_time 0.6s | ep_time 3.9s
ep 22 | train acc 0.977 loss 0.056 | val acc 0.890 loss 0.477 | macroF1 0.889 | lr 3.45e-05 | val_time 0.7s | ep_time 4.0s
ep 23 | train acc 0.983 loss 0.045 | val acc 0.898 loss 0.518 | macroF1 0.897 | lr 2.73e-05 | val_time 0.7s | ep_time 3.9s
ep 24 | train acc 0.989 loss 0.027 | val acc 0.913 loss 0.597 | macroF1 0.913 | lr 2.06e-05 | val_time 0.7s | ep_time 4.0s
[info] new best val macro-F1 0.913 at epoch 24
ep 25 | train acc 0.983 loss 0.049 | val acc 0.906 loss 0.539 | macroF1 0.905 | lr 1.46e-05 | val_time 0.7s | ep_time 3.2s
ep 26 | train acc 0.985 loss 0.040 | val acc 0.906 loss 0.581 | macroF1 0.905 | lr 9.55e-06 | val_time 0.7s | ep_time 4.1s
ep 27 | train acc 0.992 loss 0.028 | val acc 0.898 loss 0.583 | macroF1 0.897 | lr 5.45e-06 | val_time 0.7s | ep_time 3.9s
ep 28 | train acc 0.996 loss 0.025 | val acc 0.898 loss 0.588 | macroF1 0.897 | lr 2.45e-06 | val_time 0.6s | ep_time 4.0s
ep 29 | train acc 0.988 loss 0.028 | val acc 0.898 loss 0.590 | macroF1 0.897 | lr 6.16e-07 | val_time 0.7s | ep_time 3.9s
ep 30 | train acc 0.982 loss 0.045 | val acc 0.898 loss 0.590 | macroF1 0.897 | lr 0.00e+00 | val_time 0.7s | ep_time 4.0s
[info] saved curves.pdf

Validation report:
              precision    recall  f1-score   support

       ROTEN      0.964     0.857     0.908        63
       SATEN      0.873     0.969     0.919        64

    accuracy                          0.913       127
   macro avg      0.919     0.913     0.913       127
weighted avg      0.918     0.913     0.913       127

Validation report macro-F1: 0.913
Validation report mAP (macro, one-vs-rest): 0.917
Validation report per-class AP written to val_ap_per_class.json
Validation report: 11 misclassified images saved to val_misclassified.json

Test report:
              precision    recall  f1-score   support

       ROTEN      0.915     0.844     0.878        64
       SATEN      0.853     0.921     0.885        63

    accuracy                          0.882       127
   macro avg      0.884     0.882     0.882       127
weighted avg      0.884     0.882     0.882       127

Test report macro-F1: 0.882
Test report mAP (macro, one-vs-rest): 0.922
Test report per-class AP written to test_ap_per_class.json
Test report: 15 misclassified images saved to test_misclassified.json
[info] saved val_test_cms.pdf
[info] total run time: 0:02:11
