[info] run directory: runs_swin_small/swin_mpc1000_ep30_lr0100_wd0100_as1
[info] saved split_composition.json
[info] model: swin_small_patch4_window7_224
[info] epochs: 30, lr: 0.0001, weight_decay: 0.01, accum_steps: 1
ep 01 | train acc 0.633 loss 1.382 | val acc 0.791 loss 0.631 | macroF1 0.735 | lr 1.00e-05 | val_time 4.8s | ep_time 43.6s
[info] new best val macro-F1 0.735 at epoch 01
ep 02 | train acc 0.869 loss 0.416 | val acc 0.845 loss 0.468 | macroF1 0.804 | lr 2.00e-05 | val_time 2.3s | ep_time 40.5s
[info] new best val macro-F1 0.804 at epoch 02
ep 03 | train acc 0.908 loss 0.283 | val acc 0.849 loss 0.468 | macroF1 0.809 | lr 3.00e-05 | val_time 2.2s | ep_time 39.8s
[info] new best val macro-F1 0.809 at epoch 03
ep 04 | train acc 0.923 loss 0.218 | val acc 0.894 loss 0.308 | macroF1 0.854 | lr 4.00e-05 | val_time 2.5s | ep_time 39.6s
[info] new best val macro-F1 0.854 at epoch 04
ep 05 | train acc 0.929 loss 0.205 | val acc 0.877 loss 0.367 | macroF1 0.835 | lr 5.00e-05 | val_time 2.6s | ep_time 40.0s
ep 06 | train acc 0.939 loss 0.176 | val acc 0.899 loss 0.326 | macroF1 0.857 | lr 6.00e-05 | val_time 2.5s | ep_time 39.5s
[info] new best val macro-F1 0.857 at epoch 06
ep 07 | train acc 0.947 loss 0.160 | val acc 0.911 loss 0.259 | macroF1 0.871 | lr 7.00e-05 | val_time 2.7s | ep_time 39.8s
[info] new best val macro-F1 0.871 at epoch 07
ep 08 | train acc 0.943 loss 0.157 | val acc 0.899 loss 0.299 | macroF1 0.859 | lr 8.00e-05 | val_time 2.4s | ep_time 40.0s
ep 09 | train acc 0.950 loss 0.142 | val acc 0.932 loss 0.227 | macroF1 0.892 | lr 9.00e-05 | val_time 2.5s | ep_time 39.6s
[info] new best val macro-F1 0.892 at epoch 09
ep 10 | train acc 0.948 loss 0.150 | val acc 0.915 loss 0.303 | macroF1 0.867 | lr 1.00e-04 | val_time 2.6s | ep_time 39.9s
ep 11 | train acc 0.954 loss 0.126 | val acc 0.898 loss 0.381 | macroF1 0.850 | lr 9.94e-05 | val_time 2.6s | ep_time 40.8s
ep 12 | train acc 0.960 loss 0.114 | val acc 0.884 loss 0.363 | macroF1 0.843 | lr 9.76e-05 | val_time 3.0s | ep_time 70.6s
ep 13 | train acc 0.960 loss 0.105 | val acc 0.932 loss 0.232 | macroF1 0.900 | lr 9.46e-05 | val_time 5.9s | ep_time 100.5s
[info] new best val macro-F1 0.900 at epoch 13
ep 14 | train acc 0.968 loss 0.089 | val acc 0.930 loss 0.230 | macroF1 0.885 | lr 9.05e-05 | val_time 6.0s | ep_time 105.6s
ep 15 | train acc 0.975 loss 0.068 | val acc 0.920 loss 0.288 | macroF1 0.878 | lr 8.54e-05 | val_time 6.1s | ep_time 103.0s
ep 16 | train acc 0.970 loss 0.075 | val acc 0.907 loss 0.311 | macroF1 0.864 | lr 7.94e-05 | val_time 6.1s | ep_time 105.7s
ep 17 | train acc 0.977 loss 0.060 | val acc 0.932 loss 0.269 | macroF1 0.895 | lr 7.27e-05 | val_time 6.2s | ep_time 104.7s
ep 18 | train acc 0.977 loss 0.064 | val acc 0.919 loss 0.300 | macroF1 0.870 | lr 6.55e-05 | val_time 5.9s | ep_time 105.6s
ep 19 | train acc 0.981 loss 0.051 | val acc 0.929 loss 0.298 | macroF1 0.895 | lr 5.78e-05 | val_time 5.8s | ep_time 105.6s
ep 20 | train acc 0.985 loss 0.039 | val acc 0.943 loss 0.224 | macroF1 0.908 | lr 5.00e-05 | val_time 6.2s | ep_time 104.6s
[info] new best val macro-F1 0.908 at epoch 20
ep 21 | train acc 0.984 loss 0.042 | val acc 0.936 loss 0.230 | macroF1 0.909 | lr 4.22e-05 | val_time 6.2s | ep_time 106.3s
[info] new best val macro-F1 0.909 at epoch 21
ep 22 | train acc 0.987 loss 0.034 | val acc 0.941 loss 0.235 | macroF1 0.901 | lr 3.45e-05 | val_time 6.2s | ep_time 105.2s
ep 23 | train acc 0.991 loss 0.023 | val acc 0.939 loss 0.242 | macroF1 0.902 | lr 2.73e-05 | val_time 6.0s | ep_time 105.3s
ep 24 | train acc 0.990 loss 0.025 | val acc 0.942 loss 0.224 | macroF1 0.908 | lr 2.06e-05 | val_time 6.1s | ep_time 101.5s
ep 25 | train acc 0.993 loss 0.020 | val acc 0.945 loss 0.239 | macroF1 0.911 | lr 1.46e-05 | val_time 5.9s | ep_time 105.7s
[info] new best val macro-F1 0.911 at epoch 25
ep 26 | train acc 0.992 loss 0.020 | val acc 0.947 loss 0.222 | macroF1 0.913 | lr 9.55e-06 | val_time 6.2s | ep_time 103.9s
[info] new best val macro-F1 0.913 at epoch 26
ep 27 | train acc 0.994 loss 0.015 | val acc 0.946 loss 0.240 | macroF1 0.909 | lr 5.45e-06 | val_time 6.3s | ep_time 106.0s
ep 28 | train acc 0.994 loss 0.016 | val acc 0.946 loss 0.231 | macroF1 0.912 | lr 2.45e-06 | val_time 5.9s | ep_time 104.3s
ep 29 | train acc 0.994 loss 0.015 | val acc 0.948 loss 0.232 | macroF1 0.913 | lr 6.16e-07 | val_time 5.9s | ep_time 105.5s
[info] new best val macro-F1 0.913 at epoch 29
ep 30 | train acc 0.994 loss 0.015 | val acc 0.948 loss 0.232 | macroF1 0.913 | lr 0.00e+00 | val_time 5.7s | ep_time 105.9s
[info] saved curves.pdf

Validation report:
              precision    recall  f1-score   support

        BCNH      0.991     0.966     0.978       117
        BLSK      0.971     1.000     0.985        67
        BRPE      0.995     0.995     0.995       200
       BRPEC      0.974     0.974     0.974        38
        CAEG      0.983     1.000     0.992       117
        GBHE      0.985     1.000     0.992       197
        GREG      0.732     0.667     0.698        45
        LAGU      0.990     0.995     0.993       200
       MEGRT      0.812     0.684     0.743        38
        MTRN      0.926     0.870     0.897       200
      OTHERS      0.762     0.889     0.821        18
        OTHR      0.938     0.750     0.833        20
        REEG      0.968     0.993     0.981       153
      REEGWM      0.893     0.862     0.877        29
        ROSP      1.000     0.991     0.995       110
        ROTE      0.892     0.905     0.898       200
        SATE      0.902     0.987     0.943        75
        SNEG      0.619     0.765     0.684        17
        TRHE      0.991     0.966     0.979       119
        WHIB      0.922     0.940     0.931       200
       WHIBC      0.962     1.000     0.980        25

    accuracy                          0.948      2185
   macro avg      0.915     0.914     0.913      2185
weighted avg      0.948     0.948     0.948      2185

Validation report macro-F1: 0.913
Validation report mAP (macro, one-vs-rest): 0.948
Validation report per-class AP written to val_ap_per_class.json

Test report:
              precision    recall  f1-score   support

        BCNH      0.967     0.975     0.971       121
        BLSK      1.000     1.000     1.000       200
        BRPE      0.995     0.980     0.987       200
       BRPEC      0.974     0.974     0.974        39
        CAEG      0.969     1.000     0.984        95
        GBHE      0.971     0.985     0.978       135
        GREG      0.855     0.758     0.803        62
        LAGU      0.975     0.995     0.985       200
       MEGRT      0.593     0.800     0.681        40
        MTRN      0.943     0.830     0.883       200
      OTHERS      0.864     0.864     0.864        22
        OTHR      0.929     0.839     0.881        31
        REEG      0.982     0.988     0.985       168
      REEGWM      0.857     0.857     0.857        35
        ROSP      0.985     1.000     0.992        64
        ROTE      0.838     0.905     0.870       200
        SATE      0.864     0.966     0.912        59
        SNEG      0.880     0.957     0.917        23
        TRHE      1.000     0.973     0.986       150
        WHIB      0.968     0.910     0.938       200
       WHIBC      0.833     1.000     0.909        10

    accuracy                          0.944      2254
   macro avg      0.916     0.931     0.922      2254
weighted avg      0.947     0.944     0.944      2254

Test report macro-F1: 0.922
Test report mAP (macro, one-vs-rest): 0.958
Test report per-class AP written to test_ap_per_class.json
[info] saved val_test_cms.pdf
