[info] run directory: runs_swin_batch64/swin_mpc1000_ep30_lr0100_wd0100_as1
[info] saved split_composition.json
[info] model: swin_tiny_patch4_window7_224
[info] epochs: 30, lr: 0.0001, weight_decay: 0.01, accum_steps: 1
ep 01 | train acc 0.566 loss 1.598 | val acc 0.722 loss 0.839 | macroF1 0.682 | lr 1.00e-05 | val_time 5.1s | ep_time 27.9s
[info] new best val macro-F1 0.682 at epoch 01
ep 02 | train acc 0.816 loss 0.580 | val acc 0.814 loss 0.567 | macroF1 0.772 | lr 2.00e-05 | val_time 2.5s | ep_time 20.3s
[info] new best val macro-F1 0.772 at epoch 02
ep 03 | train acc 0.871 loss 0.404 | val acc 0.793 loss 0.650 | macroF1 0.763 | lr 3.00e-05 | val_time 2.2s | ep_time 20.0s
ep 04 | train acc 0.896 loss 0.319 | val acc 0.876 loss 0.383 | macroF1 0.830 | lr 4.00e-05 | val_time 2.1s | ep_time 19.8s
[info] new best val macro-F1 0.830 at epoch 04
ep 05 | train acc 0.910 loss 0.266 | val acc 0.873 loss 0.365 | macroF1 0.834 | lr 5.00e-05 | val_time 2.2s | ep_time 19.7s
[info] new best val macro-F1 0.834 at epoch 05
ep 06 | train acc 0.922 loss 0.225 | val acc 0.876 loss 0.392 | macroF1 0.816 | lr 6.00e-05 | val_time 2.1s | ep_time 19.7s
ep 07 | train acc 0.925 loss 0.212 | val acc 0.896 loss 0.323 | macroF1 0.860 | lr 7.00e-05 | val_time 2.2s | ep_time 19.8s
[info] new best val macro-F1 0.860 at epoch 07
ep 08 | train acc 0.931 loss 0.197 | val acc 0.849 loss 0.480 | macroF1 0.807 | lr 8.00e-05 | val_time 2.1s | ep_time 19.7s
ep 09 | train acc 0.931 loss 0.202 | val acc 0.910 loss 0.301 | macroF1 0.866 | lr 9.00e-05 | val_time 2.1s | ep_time 19.7s
[info] new best val macro-F1 0.866 at epoch 09
ep 10 | train acc 0.940 loss 0.167 | val acc 0.907 loss 0.302 | macroF1 0.872 | lr 1.00e-04 | val_time 2.1s | ep_time 19.6s
[info] new best val macro-F1 0.872 at epoch 10
ep 11 | train acc 0.950 loss 0.145 | val acc 0.900 loss 0.336 | macroF1 0.858 | lr 9.94e-05 | val_time 2.0s | ep_time 19.6s
ep 12 | train acc 0.948 loss 0.144 | val acc 0.908 loss 0.287 | macroF1 0.870 | lr 9.76e-05 | val_time 2.2s | ep_time 19.9s
ep 13 | train acc 0.955 loss 0.125 | val acc 0.923 loss 0.282 | macroF1 0.885 | lr 9.46e-05 | val_time 2.0s | ep_time 19.5s
[info] new best val macro-F1 0.885 at epoch 13
ep 14 | train acc 0.962 loss 0.105 | val acc 0.917 loss 0.283 | macroF1 0.885 | lr 9.05e-05 | val_time 2.0s | ep_time 19.6s
ep 15 | train acc 0.967 loss 0.093 | val acc 0.924 loss 0.295 | macroF1 0.881 | lr 8.54e-05 | val_time 2.1s | ep_time 19.7s
ep 16 | train acc 0.967 loss 0.093 | val acc 0.928 loss 0.282 | macroF1 0.881 | lr 7.94e-05 | val_time 2.0s | ep_time 19.7s
ep 17 | train acc 0.973 loss 0.074 | val acc 0.922 loss 0.292 | macroF1 0.882 | lr 7.27e-05 | val_time 2.0s | ep_time 19.7s
ep 18 | train acc 0.975 loss 0.070 | val acc 0.935 loss 0.255 | macroF1 0.897 | lr 6.55e-05 | val_time 2.0s | ep_time 19.7s
[info] new best val macro-F1 0.897 at epoch 18
ep 19 | train acc 0.979 loss 0.060 | val acc 0.937 loss 0.254 | macroF1 0.893 | lr 5.78e-05 | val_time 2.1s | ep_time 19.8s
ep 20 | train acc 0.980 loss 0.053 | val acc 0.934 loss 0.274 | macroF1 0.901 | lr 5.00e-05 | val_time 2.2s | ep_time 19.9s
[info] new best val macro-F1 0.901 at epoch 20
ep 21 | train acc 0.983 loss 0.046 | val acc 0.939 loss 0.259 | macroF1 0.911 | lr 4.22e-05 | val_time 2.1s | ep_time 19.6s
[info] new best val macro-F1 0.911 at epoch 21
ep 22 | train acc 0.983 loss 0.046 | val acc 0.936 loss 0.282 | macroF1 0.904 | lr 3.45e-05 | val_time 1.9s | ep_time 19.5s
ep 23 | train acc 0.987 loss 0.036 | val acc 0.923 loss 0.285 | macroF1 0.889 | lr 2.73e-05 | val_time 2.1s | ep_time 19.8s
ep 24 | train acc 0.986 loss 0.036 | val acc 0.942 loss 0.241 | macroF1 0.907 | lr 2.06e-05 | val_time 2.0s | ep_time 19.6s
ep 25 | train acc 0.989 loss 0.029 | val acc 0.939 loss 0.253 | macroF1 0.903 | lr 1.46e-05 | val_time 2.1s | ep_time 19.7s
ep 26 | train acc 0.991 loss 0.026 | val acc 0.941 loss 0.249 | macroF1 0.908 | lr 9.55e-06 | val_time 1.9s | ep_time 19.6s
ep 27 | train acc 0.991 loss 0.027 | val acc 0.941 loss 0.254 | macroF1 0.906 | lr 5.45e-06 | val_time 2.1s | ep_time 19.7s
ep 28 | train acc 0.991 loss 0.024 | val acc 0.941 loss 0.247 | macroF1 0.907 | lr 2.45e-06 | val_time 2.2s | ep_time 19.7s
ep 29 | train acc 0.992 loss 0.024 | val acc 0.941 loss 0.248 | macroF1 0.906 | lr 6.16e-07 | val_time 2.2s | ep_time 19.7s
ep 30 | train acc 0.991 loss 0.025 | val acc 0.941 loss 0.248 | macroF1 0.906 | lr 0.00e+00 | val_time 2.2s | ep_time 19.9s
[info] saved curves.pdf

Validation report:
              precision    recall  f1-score   support

        BCNH      0.974     0.966     0.970       117
        BLSK      0.971     1.000     0.985        67
        BRPE      1.000     1.000     1.000       200
       BRPEC      0.925     0.974     0.949        38
        CAEG      0.991     0.991     0.991       117
        GBHE      0.975     0.990     0.982       197
        GREG      0.805     0.733     0.767        45
        LAGU      0.975     0.975     0.975       200
       MEGRT      0.789     0.789     0.789        38
        MTRN      0.899     0.850     0.874       200
      OTHERS      0.778     0.778     0.778        18
        OTHR      0.810     0.850     0.829        20
        REEG      0.974     0.987     0.981       153
      REEGWM      0.879     1.000     0.935        29
        ROSP      0.948     0.991     0.969       110
        ROTE      0.888     0.870     0.879       200
        SATE      0.818     0.960     0.883        75
        SNEG      0.700     0.824     0.757        17
        TRHE      0.966     0.966     0.966       119
        WHIB      0.967     0.880     0.921       200
       WHIBC      0.893     1.000     0.943        25

    accuracy                          0.939      2185
   macro avg      0.901     0.923     0.911      2185
weighted avg      0.940     0.939     0.939      2185

Validation report macro-F1: 0.911
Validation report mAP (macro, one-vs-rest): 0.943
Validation report per-class AP written to val_ap_per_class.json

Test report:
              precision    recall  f1-score   support

        BCNH      0.983     0.967     0.975       121
        BLSK      1.000     1.000     1.000       200
        BRPE      0.990     0.985     0.987       200
       BRPEC      0.949     0.949     0.949        39
        CAEG      0.969     0.989     0.979        95
        GBHE      0.985     0.978     0.981       135
        GREG      0.873     0.774     0.821        62
        LAGU      0.980     0.985     0.983       200
       MEGRT      0.667     0.850     0.747        40
        MTRN      0.938     0.830     0.881       200
      OTHERS      0.833     0.909     0.870        22
        OTHR      0.900     0.871     0.885        31
        REEG      0.971     0.982     0.976       168
      REEGWM      0.838     0.886     0.861        35
        ROSP      0.985     1.000     0.992        64
        ROTE      0.839     0.910     0.873       200
        SATE      0.877     0.966     0.919        59
        SNEG      0.719     1.000     0.836        23
        TRHE      0.993     0.973     0.983       150
        WHIB      0.989     0.905     0.945       200
       WHIBC      0.750     0.900     0.818        10

    accuracy                          0.944      2254
   macro avg      0.906     0.934     0.917      2254
weighted avg      0.947     0.944     0.944      2254

Test report macro-F1: 0.917
Test report mAP (macro, one-vs-rest): 0.956
Test report per-class AP written to test_ap_per_class.json
[info] saved val_test_cms.pdf
