[info] Experiment: exp1_11class
[info] Description: 11-class baseline: classes with >=50 samples, rare -> OTHERS
[info] Run directory: runs_2025_exp1_11class/swin_cropsplit_mpc3000_ep30_lr0100_wd0100
============================================================
TRAINING CONFIGURATION
============================================================
  experiment:       exp1_11class
  model:            swin_tiny_patch4_window7_224
  loss:             CrossEntropy
  epochs:           30
  warmup_epochs:    10
  lr:               0.0001
  weight_decay:     0.01
  accum_steps:      1
  AMP:              True
  device:           cuda
  hardware:         1x NVIDIA A10 (Lambda)
  input_size:       224
  batch_train:      32
  batch_eval:       128
  use_sampler:      True
  num_workers:      16
  max_per_class:    3000
  image_root:       cropped-dataset-2025/crops
  label_key:        remapped_label
  num_classes:      11
  classes:          ['BRPEA', 'BRPEC', 'GBHEC', 'GREGA', 'GREGC', 'LAGUA', 'LWBBA', 'OTHERS', 'ROTEA', 'SATEA', 'TRHEA']
  train_size:       9699
  val_size:         1438
  test_size:        1442
============================================================
[info] saved split_composition.json
ep 01 | train acc 0.605 loss 1.258 | val acc 0.600 loss 0.995 | macroF1 0.503 | lr 1.00e-05 | val_time 3.2s | ep_time 20.4s
[info] new best val macro-F1 0.503 at epoch 01
ep 02 | train acc 0.830 loss 0.540 | val acc 0.764 loss 0.648 | macroF1 0.648 | lr 2.00e-05 | val_time 1.5s | ep_time 17.2s
[info] new best val macro-F1 0.648 at epoch 02
ep 03 | train acc 0.877 loss 0.383 | val acc 0.732 loss 0.733 | macroF1 0.644 | lr 3.00e-05 | val_time 1.5s | ep_time 16.8s
ep 04 | train acc 0.905 loss 0.300 | val acc 0.843 loss 0.494 | macroF1 0.722 | lr 4.00e-05 | val_time 1.4s | ep_time 16.9s
[info] new best val macro-F1 0.722 at epoch 04
ep 05 | train acc 0.910 loss 0.272 | val acc 0.833 loss 0.513 | macroF1 0.732 | lr 5.00e-05 | val_time 1.7s | ep_time 17.7s
[info] new best val macro-F1 0.732 at epoch 05
ep 06 | train acc 0.927 loss 0.223 | val acc 0.804 loss 0.628 | macroF1 0.654 | lr 6.00e-05 | val_time 2.2s | ep_time 29.0s
ep 07 | train acc 0.932 loss 0.201 | val acc 0.823 loss 0.561 | macroF1 0.685 | lr 7.00e-05 | val_time 2.2s | ep_time 30.1s
ep 08 | train acc 0.931 loss 0.199 | val acc 0.781 loss 0.756 | macroF1 0.710 | lr 8.00e-05 | val_time 2.3s | ep_time 30.6s
ep 09 | train acc 0.935 loss 0.194 | val acc 0.835 loss 0.527 | macroF1 0.752 | lr 9.00e-05 | val_time 2.0s | ep_time 30.3s
[info] new best val macro-F1 0.752 at epoch 09
ep 10 | train acc 0.941 loss 0.180 | val acc 0.783 loss 0.690 | macroF1 0.672 | lr 1.00e-04 | val_time 2.1s | ep_time 30.3s
ep 11 | train acc 0.943 loss 0.169 | val acc 0.800 loss 0.739 | macroF1 0.663 | lr 9.94e-05 | val_time 2.2s | ep_time 30.5s
ep 12 | train acc 0.953 loss 0.148 | val acc 0.857 loss 0.475 | macroF1 0.763 | lr 9.76e-05 | val_time 2.2s | ep_time 30.4s
[info] new best val macro-F1 0.763 at epoch 12
ep 13 | train acc 0.954 loss 0.136 | val acc 0.853 loss 0.508 | macroF1 0.781 | lr 9.46e-05 | val_time 2.3s | ep_time 29.5s
[info] new best val macro-F1 0.781 at epoch 13
ep 14 | train acc 0.960 loss 0.122 | val acc 0.832 loss 0.548 | macroF1 0.780 | lr 9.05e-05 | val_time 2.1s | ep_time 30.4s
ep 15 | train acc 0.964 loss 0.111 | val acc 0.880 loss 0.461 | macroF1 0.787 | lr 8.54e-05 | val_time 2.3s | ep_time 30.6s
[info] new best val macro-F1 0.787 at epoch 15
ep 16 | train acc 0.961 loss 0.119 | val acc 0.872 loss 0.467 | macroF1 0.772 | lr 7.94e-05 | val_time 2.0s | ep_time 29.9s
ep 17 | train acc 0.966 loss 0.101 | val acc 0.855 loss 0.501 | macroF1 0.784 | lr 7.27e-05 | val_time 2.3s | ep_time 30.2s
ep 18 | train acc 0.973 loss 0.081 | val acc 0.877 loss 0.464 | macroF1 0.781 | lr 6.55e-05 | val_time 2.3s | ep_time 30.7s
ep 19 | train acc 0.974 loss 0.078 | val acc 0.876 loss 0.450 | macroF1 0.806 | lr 5.78e-05 | val_time 2.4s | ep_time 30.3s
[info] new best val macro-F1 0.806 at epoch 19
ep 20 | train acc 0.981 loss 0.062 | val acc 0.832 loss 0.598 | macroF1 0.786 | lr 5.00e-05 | val_time 2.2s | ep_time 29.7s
ep 21 | train acc 0.979 loss 0.065 | val acc 0.873 loss 0.494 | macroF1 0.800 | lr 4.22e-05 | val_time 2.2s | ep_time 30.4s
ep 22 | train acc 0.983 loss 0.051 | val acc 0.851 loss 0.531 | macroF1 0.785 | lr 3.45e-05 | val_time 2.4s | ep_time 30.7s
ep 23 | train acc 0.986 loss 0.043 | val acc 0.865 loss 0.529 | macroF1 0.783 | lr 2.73e-05 | val_time 1.6s | ep_time 29.9s
ep 24 | train acc 0.986 loss 0.041 | val acc 0.865 loss 0.509 | macroF1 0.786 | lr 2.06e-05 | val_time 2.2s | ep_time 30.1s
ep 25 | train acc 0.989 loss 0.035 | val acc 0.871 loss 0.511 | macroF1 0.769 | lr 1.46e-05 | val_time 2.4s | ep_time 30.6s
ep 26 | train acc 0.988 loss 0.034 | val acc 0.878 loss 0.476 | macroF1 0.790 | lr 9.55e-06 | val_time 2.3s | ep_time 30.5s
ep 27 | train acc 0.992 loss 0.030 | val acc 0.890 loss 0.448 | macroF1 0.792 | lr 5.45e-06 | val_time 2.0s | ep_time 29.8s
ep 28 | train acc 0.990 loss 0.028 | val acc 0.879 loss 0.480 | macroF1 0.797 | lr 2.45e-06 | val_time 2.2s | ep_time 30.5s
ep 29 | train acc 0.991 loss 0.027 | val acc 0.886 loss 0.463 | macroF1 0.801 | lr 6.16e-07 | val_time 1.4s | ep_time 25.1s
ep 30 | train acc 0.992 loss 0.027 | val acc 0.886 loss 0.463 | macroF1 0.801 | lr 0.00e+00 | val_time 1.6s | ep_time 17.1s
[info] saved curves.pdf

Validation report:
              precision    recall  f1-score   support

       BRPEA      0.929     0.793     0.855        82
       BRPEC      0.934     0.916     0.925       249
       GBHEC      0.800     0.667     0.727         6
       GREGA      0.889     0.727     0.800        11
       GREGC      0.667     0.727     0.696        11
       LAGUA      0.942     0.909     0.925       143
       LWBBA      0.700     1.000     0.824         7
      OTHERS      0.595     0.676     0.633        37
       ROTEA      0.933     0.865     0.898       600
       SATEA      0.763     0.913     0.831       275
       TRHEA      0.652     0.882     0.750        17

    accuracy                          0.876      1438
   macro avg      0.800     0.825     0.806      1438
weighted avg      0.885     0.876     0.878      1438

Validation report macro-F1: 0.806
Validation report mAP (macro, one-vs-rest): 0.861
Validation report per-class AP written to val_ap_per_class.json
Validation report: 178 misclassified saved to val_misclassified.json

Test report:
              precision    recall  f1-score   support

       BRPEA      0.919     0.829     0.872        82
       BRPEC      0.936     0.884     0.909       249
       GBHEC      0.600     0.500     0.545         6
       GREGA      0.833     0.909     0.870        11
       GREGC      0.769     0.909     0.833        11
       LAGUA      0.957     0.931     0.944       144
       LWBBA      0.667     0.857     0.750         7
      OTHERS      0.650     0.684     0.667        38
       ROTEA      0.948     0.883     0.915       600
       SATEA      0.775     0.949     0.853       276
       TRHEA      0.941     0.889     0.914        18

    accuracy                          0.891      1442
   macro avg      0.818     0.839     0.825      1442
weighted avg      0.899     0.891     0.893      1442

Test report macro-F1: 0.825
Test report mAP (macro, one-vs-rest): 0.901
Test report per-class AP written to test_ap_per_class.json
Test report: 157 misclassified saved to test_misclassified.json
[info] saved val_test_cms.pdf
[info] total run time: 0:13:58
