[info] run directory: runs_swin_tiny_merged_classes/swin_mpc1000_ep30_lr0100_wd0100_as1
============================================================
TRAINING CONFIGURATION
============================================================
  model:            swin_tiny_patch4_window7_224
  loss:             CrossEntropy
  epochs:           30
  warmup_epochs:    10
  lr:               0.0001
  weight_decay:     0.01
  accum_steps:      1
  AMP:              True
  device:           cuda
  hardware:         1x NVIDIA A10 (Lambda)
  input_size:       224
  batch_train:      32
  batch_eval:       128
  use_sampler:      True
  num_workers:      16
  max_per_class:    1000
  merge_groups:     [['GREG', 'WHIB', 'MEGRT']]
    GREG, WHIB, MEGRT -> GREG_MEGRT_WHIB
  num_classes:      19
  train_size:       13384
  val_size:         2051
  test_size:        2120
============================================================
[info] saved split_composition.json
ep 01 | train acc 0.646 loss 1.248 | val acc 0.770 loss 0.687 | macroF1 0.731 | lr 1.00e-05 | val_time 4.5s | ep_time 26.9s
[info] new best val macro-F1 0.731 at epoch 01
ep 02 | train acc 0.869 loss 0.419 | val acc 0.870 loss 0.404 | macroF1 0.822 | lr 2.00e-05 | val_time 2.1s | ep_time 23.0s
[info] new best val macro-F1 0.822 at epoch 02
ep 03 | train acc 0.907 loss 0.285 | val acc 0.870 loss 0.414 | macroF1 0.834 | lr 3.00e-05 | val_time 1.9s | ep_time 22.9s
[info] new best val macro-F1 0.834 at epoch 03
ep 04 | train acc 0.930 loss 0.220 | val acc 0.902 loss 0.317 | macroF1 0.860 | lr 4.00e-05 | val_time 2.0s | ep_time 22.8s
[info] new best val macro-F1 0.860 at epoch 04
ep 05 | train acc 0.933 loss 0.203 | val acc 0.892 loss 0.356 | macroF1 0.863 | lr 5.00e-05 | val_time 2.0s | ep_time 22.7s
[info] new best val macro-F1 0.863 at epoch 05
ep 06 | train acc 0.935 loss 0.188 | val acc 0.911 loss 0.308 | macroF1 0.871 | lr 6.00e-05 | val_time 2.0s | ep_time 22.6s
[info] new best val macro-F1 0.871 at epoch 06
ep 07 | train acc 0.944 loss 0.170 | val acc 0.910 loss 0.312 | macroF1 0.869 | lr 7.00e-05 | val_time 2.0s | ep_time 22.8s
ep 08 | train acc 0.945 loss 0.156 | val acc 0.889 loss 0.360 | macroF1 0.860 | lr 8.00e-05 | val_time 1.9s | ep_time 22.6s
ep 09 | train acc 0.945 loss 0.154 | val acc 0.912 loss 0.297 | macroF1 0.866 | lr 9.00e-05 | val_time 2.0s | ep_time 22.7s
ep 10 | train acc 0.945 loss 0.160 | val acc 0.912 loss 0.292 | macroF1 0.885 | lr 1.00e-04 | val_time 2.0s | ep_time 22.7s
[info] new best val macro-F1 0.885 at epoch 10
ep 11 | train acc 0.955 loss 0.132 | val acc 0.920 loss 0.253 | macroF1 0.891 | lr 9.94e-05 | val_time 2.1s | ep_time 22.6s
[info] new best val macro-F1 0.891 at epoch 11
ep 12 | train acc 0.959 loss 0.120 | val acc 0.916 loss 0.272 | macroF1 0.891 | lr 9.76e-05 | val_time 2.0s | ep_time 22.2s
ep 13 | train acc 0.966 loss 0.101 | val acc 0.912 loss 0.278 | macroF1 0.880 | lr 9.46e-05 | val_time 1.9s | ep_time 22.4s
ep 14 | train acc 0.968 loss 0.097 | val acc 0.928 loss 0.265 | macroF1 0.900 | lr 9.05e-05 | val_time 1.9s | ep_time 22.7s
[info] new best val macro-F1 0.900 at epoch 14
ep 15 | train acc 0.969 loss 0.087 | val acc 0.935 loss 0.256 | macroF1 0.903 | lr 8.54e-05 | val_time 1.7s | ep_time 22.3s
[info] new best val macro-F1 0.903 at epoch 15
ep 16 | train acc 0.974 loss 0.077 | val acc 0.922 loss 0.317 | macroF1 0.885 | lr 7.94e-05 | val_time 2.0s | ep_time 22.8s
ep 17 | train acc 0.974 loss 0.071 | val acc 0.940 loss 0.229 | macroF1 0.913 | lr 7.27e-05 | val_time 2.0s | ep_time 22.8s
[info] new best val macro-F1 0.913 at epoch 17
ep 18 | train acc 0.980 loss 0.056 | val acc 0.930 loss 0.260 | macroF1 0.903 | lr 6.55e-05 | val_time 2.1s | ep_time 22.9s
ep 19 | train acc 0.980 loss 0.054 | val acc 0.943 loss 0.224 | macroF1 0.916 | lr 5.78e-05 | val_time 2.0s | ep_time 22.7s
[info] new best val macro-F1 0.916 at epoch 19
ep 20 | train acc 0.983 loss 0.045 | val acc 0.938 loss 0.269 | macroF1 0.910 | lr 5.00e-05 | val_time 1.9s | ep_time 22.7s
ep 21 | train acc 0.986 loss 0.038 | val acc 0.929 loss 0.281 | macroF1 0.900 | lr 4.22e-05 | val_time 1.9s | ep_time 22.9s
ep 22 | train acc 0.989 loss 0.031 | val acc 0.946 loss 0.249 | macroF1 0.915 | lr 3.45e-05 | val_time 2.1s | ep_time 22.8s
ep 23 | train acc 0.990 loss 0.028 | val acc 0.944 loss 0.252 | macroF1 0.917 | lr 2.73e-05 | val_time 2.0s | ep_time 22.8s
[info] new best val macro-F1 0.917 at epoch 23
ep 24 | train acc 0.993 loss 0.020 | val acc 0.940 loss 0.269 | macroF1 0.915 | lr 2.06e-05 | val_time 2.1s | ep_time 22.8s
ep 25 | train acc 0.993 loss 0.021 | val acc 0.938 loss 0.284 | macroF1 0.911 | lr 1.46e-05 | val_time 2.1s | ep_time 22.6s
ep 26 | train acc 0.994 loss 0.016 | val acc 0.945 loss 0.255 | macroF1 0.917 | lr 9.55e-06 | val_time 2.0s | ep_time 22.6s
ep 27 | train acc 0.995 loss 0.013 | val acc 0.941 loss 0.263 | macroF1 0.918 | lr 5.45e-06 | val_time 2.1s | ep_time 22.8s
[info] new best val macro-F1 0.918 at epoch 27
ep 28 | train acc 0.995 loss 0.015 | val acc 0.943 loss 0.262 | macroF1 0.917 | lr 2.45e-06 | val_time 2.0s | ep_time 22.7s
ep 29 | train acc 0.996 loss 0.014 | val acc 0.945 loss 0.260 | macroF1 0.918 | lr 6.16e-07 | val_time 2.1s | ep_time 22.8s
[info] new best val macro-F1 0.918 at epoch 29
ep 30 | train acc 0.996 loss 0.013 | val acc 0.945 loss 0.260 | macroF1 0.918 | lr 0.00e+00 | val_time 2.0s | ep_time 22.6s
[info] saved curves.pdf

Validation report:
                 precision    recall  f1-score   support

           BCNH      1.000     0.966     0.983       117
           BLSK      0.971     0.985     0.978        67
           BRPE      0.990     0.990     0.990       200
          BRPEC      0.972     0.921     0.946        38
           CAEG      0.991     0.991     0.991       117
           GBHE      0.965     0.985     0.975       197
GREG_MEGRT_WHIB      0.943     0.886     0.913       149
           LAGU      0.990     0.995     0.993       200
           MTRN      0.865     0.865     0.865       200
         OTHERS      0.800     0.889     0.842        18
           OTHR      0.824     0.700     0.757        20
           REEG      0.956     0.993     0.974       153
         REEGWM      0.871     0.931     0.900        29
           ROSP      1.000     0.982     0.991       110
           ROTE      0.890     0.850     0.870       200
           SATE      0.890     0.973     0.930        75
           SNEG      0.545     0.706     0.615        17
           TRHE      0.975     0.966     0.970       119
          WHIBC      0.926     1.000     0.962        25

       accuracy                          0.945      2051
      macro avg      0.914     0.925     0.918      2051
   weighted avg      0.946     0.945     0.945      2051

Validation report macro-F1: 0.918
Validation report mAP (macro, one-vs-rest): 0.958
Validation report per-class AP written to val_ap_per_class.json
Validation report: 113 misclassified images saved to val_misclassified.json

Test report:
                 precision    recall  f1-score   support

           BCNH      0.983     0.975     0.979       121
           BLSK      1.000     0.995     0.997       200
           BRPE      0.995     0.960     0.977       200
          BRPEC      0.973     0.923     0.947        39
           CAEG      0.979     0.989     0.984        95
           GBHE      0.957     0.993     0.975       135
GREG_MEGRT_WHIB      0.933     0.917     0.925       168
           LAGU      0.975     0.980     0.978       200
           MTRN      0.905     0.855     0.879       200
         OTHERS      0.760     0.864     0.809        22
           OTHR      0.897     0.839     0.867        31
           REEG      0.977     0.994     0.985       168
         REEGWM      0.882     0.857     0.870        35
           ROSP      0.984     0.984     0.984        64
           ROTE      0.870     0.870     0.870       200
           SATE      0.812     0.949     0.875        59
           SNEG      0.759     0.957     0.846        23
           TRHE      0.993     0.980     0.987       150
          WHIBC      0.909     1.000     0.952        10

       accuracy                          0.947      2120
      macro avg      0.923     0.941     0.931      2120
   weighted avg      0.948     0.947     0.947      2120

Test report macro-F1: 0.931
Test report mAP (macro, one-vs-rest): 0.967
Test report per-class AP written to test_ap_per_class.json
Test report: 112 misclassified images saved to test_misclassified.json
[info] saved val_test_cms.pdf
[info] total run time: 0:11:45
