[info] run directory: /home/ubuntu/nomin-classification-fs/waterbird-classification/runs_swinTiny_batch64/swin_mpc1000_ep30_lr0200_wd0100_as1
============================================================
TRAINING CONFIGURATION
============================================================
  model:            swin_tiny_patch4_window7_224
  loss:             CrossEntropy
  epochs:           30
  warmup_epochs:    10
  lr:               0.0002
  weight_decay:     0.01
  accum_steps:      1
  AMP:              True
  device:           cuda
  input_size:       224
  batch_train:      64
  batch_eval:       128
  use_sampler:      True
  num_workers:      16
  max_per_class:    1000
  num_classes:      21
  train_size:       14212
  val_size:         2185
  test_size:        2254
============================================================
[info] saved split_composition.json
ep 01 | train acc 0.658 loss 1.211 | val acc 0.795 loss 0.590 | macroF1 0.739 | lr 2.00e-05 | val_time 4.2s | ep_time 24.3s
[info] new best val macro-F1 0.739 at epoch 01
ep 02 | train acc 0.858 loss 0.455 | val acc 0.862 loss 0.421 | macroF1 0.804 | lr 4.00e-05 | val_time 2.4s | ep_time 20.2s
[info] new best val macro-F1 0.804 at epoch 02
ep 03 | train acc 0.889 loss 0.330 | val acc 0.858 loss 0.434 | macroF1 0.810 | lr 6.00e-05 | val_time 2.2s | ep_time 19.8s
[info] new best val macro-F1 0.810 at epoch 03
ep 04 | train acc 0.908 loss 0.276 | val acc 0.863 loss 0.394 | macroF1 0.810 | lr 8.00e-05 | val_time 2.0s | ep_time 19.7s
ep 05 | train acc 0.908 loss 0.261 | val acc 0.892 loss 0.336 | macroF1 0.841 | lr 1.00e-04 | val_time 2.1s | ep_time 19.8s
[info] new best val macro-F1 0.841 at epoch 05
ep 06 | train acc 0.920 loss 0.230 | val acc 0.876 loss 0.379 | macroF1 0.815 | lr 1.20e-04 | val_time 2.0s | ep_time 19.6s
ep 07 | train acc 0.924 loss 0.215 | val acc 0.886 loss 0.396 | macroF1 0.836 | lr 1.40e-04 | val_time 1.8s | ep_time 19.4s
ep 08 | train acc 0.929 loss 0.208 | val acc 0.863 loss 0.453 | macroF1 0.802 | lr 1.60e-04 | val_time 2.2s | ep_time 19.8s
ep 09 | train acc 0.918 loss 0.235 | val acc 0.892 loss 0.353 | macroF1 0.841 | lr 1.80e-04 | val_time 1.9s | ep_time 19.5s
[info] new best val macro-F1 0.841 at epoch 09
ep 10 | train acc 0.929 loss 0.200 | val acc 0.858 loss 0.496 | macroF1 0.799 | lr 2.00e-04 | val_time 1.9s | ep_time 19.7s
ep 11 | train acc 0.936 loss 0.183 | val acc 0.883 loss 0.411 | macroF1 0.810 | lr 1.99e-04 | val_time 2.0s | ep_time 19.7s
ep 12 | train acc 0.942 loss 0.162 | val acc 0.879 loss 0.394 | macroF1 0.816 | lr 1.95e-04 | val_time 2.1s | ep_time 19.7s
ep 13 | train acc 0.948 loss 0.152 | val acc 0.872 loss 0.512 | macroF1 0.823 | lr 1.89e-04 | val_time 1.9s | ep_time 19.5s
ep 14 | train acc 0.954 loss 0.134 | val acc 0.917 loss 0.303 | macroF1 0.886 | lr 1.81e-04 | val_time 2.0s | ep_time 19.6s
[info] new best val macro-F1 0.886 at epoch 14
ep 15 | train acc 0.959 loss 0.111 | val acc 0.911 loss 0.314 | macroF1 0.860 | lr 1.71e-04 | val_time 1.9s | ep_time 19.6s
ep 16 | train acc 0.961 loss 0.104 | val acc 0.899 loss 0.393 | macroF1 0.859 | lr 1.59e-04 | val_time 2.1s | ep_time 19.6s
ep 17 | train acc 0.964 loss 0.099 | val acc 0.922 loss 0.309 | macroF1 0.887 | lr 1.45e-04 | val_time 2.2s | ep_time 19.7s
[info] new best val macro-F1 0.887 at epoch 17
ep 18 | train acc 0.966 loss 0.091 | val acc 0.914 loss 0.324 | macroF1 0.865 | lr 1.31e-04 | val_time 2.1s | ep_time 19.7s
ep 19 | train acc 0.971 loss 0.073 | val acc 0.926 loss 0.265 | macroF1 0.890 | lr 1.16e-04 | val_time 2.0s | ep_time 19.8s
[info] new best val macro-F1 0.890 at epoch 19
ep 20 | train acc 0.979 loss 0.060 | val acc 0.912 loss 0.346 | macroF1 0.857 | lr 1.00e-04 | val_time 2.2s | ep_time 19.9s
ep 21 | train acc 0.976 loss 0.067 | val acc 0.929 loss 0.293 | macroF1 0.886 | lr 8.44e-05 | val_time 2.0s | ep_time 19.6s
ep 22 | train acc 0.982 loss 0.049 | val acc 0.927 loss 0.307 | macroF1 0.884 | lr 6.91e-05 | val_time 2.1s | ep_time 19.8s
ep 23 | train acc 0.984 loss 0.045 | val acc 0.931 loss 0.287 | macroF1 0.890 | lr 5.46e-05 | val_time 1.9s | ep_time 19.5s
ep 24 | train acc 0.987 loss 0.035 | val acc 0.932 loss 0.301 | macroF1 0.891 | lr 4.12e-05 | val_time 1.8s | ep_time 19.5s
[info] new best val macro-F1 0.891 at epoch 24
ep 25 | train acc 0.989 loss 0.030 | val acc 0.936 loss 0.281 | macroF1 0.902 | lr 2.93e-05 | val_time 1.9s | ep_time 19.5s
[info] new best val macro-F1 0.902 at epoch 25
ep 26 | train acc 0.988 loss 0.030 | val acc 0.935 loss 0.290 | macroF1 0.894 | lr 1.91e-05 | val_time 2.1s | ep_time 19.8s
ep 27 | train acc 0.990 loss 0.026 | val acc 0.935 loss 0.289 | macroF1 0.894 | lr 1.09e-05 | val_time 2.1s | ep_time 19.7s
ep 28 | train acc 0.991 loss 0.023 | val acc 0.937 loss 0.287 | macroF1 0.896 | lr 4.89e-06 | val_time 1.9s | ep_time 19.6s
ep 29 | train acc 0.991 loss 0.023 | val acc 0.939 loss 0.286 | macroF1 0.899 | lr 1.23e-06 | val_time 2.1s | ep_time 19.6s
ep 30 | train acc 0.991 loss 0.023 | val acc 0.939 loss 0.286 | macroF1 0.899 | lr 0.00e+00 | val_time 1.9s | ep_time 19.7s
[info] saved curves.pdf

Validation report:
              precision    recall  f1-score   support

        BCNH      0.974     0.957     0.966       117
        BLSK      0.957     0.985     0.971        67
        BRPE      1.000     0.990     0.995       200
       BRPEC      0.971     0.895     0.932        38
        CAEG      1.000     0.991     0.996       117
        GBHE      0.961     0.995     0.978       197
        GREG      0.723     0.756     0.739        45
        LAGU      0.980     0.970     0.975       200
       MEGRT      0.871     0.711     0.783        38
        MTRN      0.846     0.880     0.863       200
      OTHERS      0.609     0.778     0.683        18
        OTHR      0.941     0.800     0.865        20
        REEG      0.968     0.993     0.981       153
      REEGWM      0.871     0.931     0.900        29
        ROSP      1.000     0.973     0.986       110
        ROTE      0.888     0.830     0.858       200
        SATE      0.935     0.960     0.947        75
        SNEG      0.650     0.765     0.703        17
        TRHE      0.959     0.975     0.967       119
        WHIB      0.939     0.925     0.932       200
       WHIBC      0.889     0.960     0.923        25

    accuracy                          0.936      2185
   macro avg      0.901     0.906     0.902      2185
weighted avg      0.937     0.936     0.936      2185

Validation report macro-F1: 0.902
Validation report mAP (macro, one-vs-rest): 0.943
Validation report per-class AP written to val_ap_per_class.json

Test report:
              precision    recall  f1-score   support

        BCNH      0.992     0.967     0.979       121
        BLSK      1.000     1.000     1.000       200
        BRPE      0.995     0.970     0.982       200
       BRPEC      0.974     0.974     0.974        39
        CAEG      0.989     0.989     0.989        95
        GBHE      0.950     0.993     0.971       135
        GREG      0.841     0.855     0.848        62
        LAGU      0.985     0.985     0.985       200
       MEGRT      0.757     0.700     0.727        40
        MTRN      0.817     0.870     0.843       200
      OTHERS      0.731     0.864     0.792        22
        OTHR      0.852     0.742     0.793        31
        REEG      0.982     0.994     0.988       168
      REEGWM      0.882     0.857     0.870        35
        ROSP      0.970     1.000     0.985        64
        ROTE      0.863     0.785     0.822       200
        SATE      0.918     0.949     0.933        59
        SNEG      0.767     1.000     0.868        23
        TRHE      0.974     0.980     0.977       150
        WHIB      0.954     0.930     0.942       200
       WHIBC      0.909     1.000     0.952        10

    accuracy                          0.937      2254
   macro avg      0.910     0.924     0.915      2254
weighted avg      0.937     0.937     0.936      2254

Test report macro-F1: 0.915
Test report mAP (macro, one-vs-rest): 0.958
Test report per-class AP written to test_ap_per_class.json
[info] saved val_test_cms.pdf
