[info] Experiment: exp5_split_terns
[info] Description: 10-class exp3 variant: ROTE/SATE split; TRHEA separated; LARGE_WHITE_BIRDS keeps WHIB
[info] Run directory: runs_2025_exp5_split_terns/swin_cropsplit_full_ep30_lr0100_wd0100
============================================================
TRAINING CONFIGURATION
============================================================
  experiment:       exp5_split_terns
  model:            swin_tiny_patch4_window7_224
  loss:             CrossEntropy
  epochs:           30
  warmup_epochs:    10
  lr:               0.0001
  weight_decay:     0.01
  accum_steps:      1
  AMP:              True
  device:           cuda
  hardware:         1x NVIDIA A10 (Lambda)
  input_size:       224
  batch_train:      32
  batch_eval:       128
  use_sampler:      True
  sampler_power:    0.5  (1.0 = 1/count, 0.5 = 1/sqrt(count), 0.0 = uniform)
  num_workers:      16
  image_root:       cropped-dataset-2025/crops
  label_key:        remapped_label
  num_classes:      10
  classes:          ['GBHE_ADULT', 'GBHE_CHICK', 'LARGE_WHITE_BIRDS', 'LAUGHING_GULL', 'OTHERS', 'PELICAN_ADULT', 'PELICAN_CHICK', 'ROTEA_ROTEF', 'SATEA_SATEF', 'TRHEA']
  train_size:       13981
  val_size:         1745
  test_size:        1753
============================================================
[info] saved split_composition.json
ep 01 | train acc 0.646 loss 1.039 | val acc 0.832 loss 0.500 | macroF1 0.668 | lr 1.00e-05 | val_time 3.3s | ep_time 26.3s
[info] new best val macro-F1 0.668 at epoch 01
ep 02 | train acc 0.840 loss 0.483 | val acc 0.869 loss 0.383 | macroF1 0.714 | lr 2.00e-05 | val_time 1.5s | ep_time 23.3s
[info] new best val macro-F1 0.714 at epoch 02
ep 03 | train acc 0.879 loss 0.367 | val acc 0.833 loss 0.461 | macroF1 0.653 | lr 3.00e-05 | val_time 1.6s | ep_time 23.1s
ep 04 | train acc 0.889 loss 0.321 | val acc 0.853 loss 0.432 | macroF1 0.659 | lr 4.00e-05 | val_time 1.4s | ep_time 23.0s
ep 05 | train acc 0.908 loss 0.271 | val acc 0.844 loss 0.448 | macroF1 0.692 | lr 5.00e-05 | val_time 1.6s | ep_time 23.5s
ep 06 | train acc 0.914 loss 0.246 | val acc 0.858 loss 0.414 | macroF1 0.744 | lr 6.00e-05 | val_time 1.6s | ep_time 22.9s
[info] new best val macro-F1 0.744 at epoch 06
ep 07 | train acc 0.924 loss 0.229 | val acc 0.896 loss 0.340 | macroF1 0.746 | lr 7.00e-05 | val_time 1.6s | ep_time 23.4s
[info] new best val macro-F1 0.746 at epoch 07
ep 08 | train acc 0.917 loss 0.240 | val acc 0.851 loss 0.446 | macroF1 0.703 | lr 8.00e-05 | val_time 1.6s | ep_time 23.2s
ep 09 | train acc 0.929 loss 0.209 | val acc 0.887 loss 0.366 | macroF1 0.749 | lr 9.00e-05 | val_time 1.7s | ep_time 23.4s
[info] new best val macro-F1 0.749 at epoch 09
ep 10 | train acc 0.927 loss 0.220 | val acc 0.902 loss 0.299 | macroF1 0.770 | lr 1.00e-04 | val_time 1.6s | ep_time 23.1s
[info] new best val macro-F1 0.770 at epoch 10
ep 11 | train acc 0.936 loss 0.189 | val acc 0.879 loss 0.350 | macroF1 0.798 | lr 9.94e-05 | val_time 1.6s | ep_time 23.1s
[info] new best val macro-F1 0.798 at epoch 11
ep 12 | train acc 0.940 loss 0.179 | val acc 0.907 loss 0.319 | macroF1 0.821 | lr 9.76e-05 | val_time 1.5s | ep_time 23.1s
[info] new best val macro-F1 0.821 at epoch 12
ep 13 | train acc 0.946 loss 0.160 | val acc 0.900 loss 0.331 | macroF1 0.838 | lr 9.46e-05 | val_time 1.4s | ep_time 23.3s
[info] new best val macro-F1 0.838 at epoch 13
ep 14 | train acc 0.946 loss 0.154 | val acc 0.907 loss 0.322 | macroF1 0.846 | lr 9.05e-05 | val_time 1.6s | ep_time 23.3s
[info] new best val macro-F1 0.846 at epoch 14
ep 15 | train acc 0.952 loss 0.136 | val acc 0.876 loss 0.402 | macroF1 0.785 | lr 8.54e-05 | val_time 1.5s | ep_time 23.1s
ep 16 | train acc 0.957 loss 0.125 | val acc 0.893 loss 0.358 | macroF1 0.821 | lr 7.94e-05 | val_time 1.6s | ep_time 23.6s
ep 17 | train acc 0.957 loss 0.120 | val acc 0.904 loss 0.353 | macroF1 0.872 | lr 7.27e-05 | val_time 1.7s | ep_time 23.1s
[info] new best val macro-F1 0.872 at epoch 17
ep 18 | train acc 0.960 loss 0.110 | val acc 0.895 loss 0.352 | macroF1 0.854 | lr 6.55e-05 | val_time 1.6s | ep_time 22.9s
ep 19 | train acc 0.971 loss 0.084 | val acc 0.907 loss 0.323 | macroF1 0.883 | lr 5.78e-05 | val_time 1.6s | ep_time 23.4s
[info] new best val macro-F1 0.883 at epoch 19
ep 20 | train acc 0.972 loss 0.082 | val acc 0.917 loss 0.328 | macroF1 0.868 | lr 5.00e-05 | val_time 1.6s | ep_time 23.2s
ep 21 | train acc 0.977 loss 0.065 | val acc 0.915 loss 0.329 | macroF1 0.827 | lr 4.22e-05 | val_time 1.6s | ep_time 23.0s
ep 22 | train acc 0.979 loss 0.061 | val acc 0.904 loss 0.354 | macroF1 0.828 | lr 3.45e-05 | val_time 1.6s | ep_time 23.2s
ep 23 | train acc 0.982 loss 0.052 | val acc 0.919 loss 0.325 | macroF1 0.860 | lr 2.73e-05 | val_time 1.6s | ep_time 23.5s
ep 24 | train acc 0.984 loss 0.048 | val acc 0.916 loss 0.318 | macroF1 0.855 | lr 2.06e-05 | val_time 1.5s | ep_time 23.2s
ep 25 | train acc 0.987 loss 0.042 | val acc 0.919 loss 0.326 | macroF1 0.904 | lr 1.46e-05 | val_time 1.5s | ep_time 23.4s
[info] new best val macro-F1 0.904 at epoch 25
ep 26 | train acc 0.989 loss 0.036 | val acc 0.919 loss 0.327 | macroF1 0.865 | lr 9.55e-06 | val_time 1.5s | ep_time 23.1s
ep 27 | train acc 0.988 loss 0.035 | val acc 0.926 loss 0.316 | macroF1 0.877 | lr 5.45e-06 | val_time 1.6s | ep_time 23.3s
ep 28 | train acc 0.989 loss 0.034 | val acc 0.927 loss 0.323 | macroF1 0.875 | lr 2.45e-06 | val_time 1.6s | ep_time 23.0s
ep 29 | train acc 0.990 loss 0.032 | val acc 0.929 loss 0.316 | macroF1 0.875 | lr 6.16e-07 | val_time 1.6s | ep_time 23.1s
ep 30 | train acc 0.989 loss 0.032 | val acc 0.929 loss 0.316 | macroF1 0.875 | lr 0.00e+00 | val_time 1.5s | ep_time 23.2s
[info] saved curves.pdf

Validation report:
                   precision    recall  f1-score   support

       GBHE_ADULT      1.000     1.000     1.000         2
       GBHE_CHICK      1.000     0.833     0.909         6
LARGE_WHITE_BIRDS      0.941     0.941     0.941        34
    LAUGHING_GULL      0.971     0.938     0.954       144
           OTHERS      0.737     0.700     0.718        20
    PELICAN_ADULT      0.947     0.855     0.899        83
    PELICAN_CHICK      0.916     0.920     0.918       249
      ROTEA_ROTEF      0.952     0.931     0.941       914
      SATEA_SATEF      0.802     0.909     0.852       276
            TRHEA      1.000     0.824     0.903        17

         accuracy                          0.919      1745
        macro avg      0.927     0.885     0.904      1745
     weighted avg      0.922     0.919     0.920      1745

Validation report macro-F1: 0.904
Validation report mAP (macro, one-vs-rest): 0.940
Validation report per-class AP written to val_ap_per_class.json
Validation report: 141 misclassified saved to val_misclassified.json

Test report:
                   precision    recall  f1-score   support

       GBHE_ADULT      1.000     0.667     0.800         3
       GBHE_CHICK      0.833     0.833     0.833         6
LARGE_WHITE_BIRDS      0.917     0.943     0.930        35
    LAUGHING_GULL      0.939     0.959     0.949       145
           OTHERS      0.917     0.524     0.667        21
    PELICAN_ADULT      0.951     0.917     0.933        84
    PELICAN_CHICK      0.946     0.916     0.931       249
      ROTEA_ROTEF      0.955     0.920     0.937       915
      SATEA_SATEF      0.778     0.924     0.845       277
            TRHEA      1.000     0.889     0.941        18

         accuracy                          0.918      1753
        macro avg      0.924     0.849     0.877      1753
     weighted avg      0.923     0.918     0.918      1753

Test report macro-F1: 0.877
Test report mAP (macro, one-vs-rest): 0.904
Test report per-class AP written to test_ap_per_class.json
Test report: 144 misclassified saved to test_misclassified.json
[info] saved val_test_cms.pdf
[info] total run time: 0:11:54
